Archive member included to satisfy reference by file (symbol)

D:/Stu15/stmcubeIDE/STM32CubeIDE_2.1.1/STM32CubeIDE/plugins/com.st.stm32cube.ide.mcu.externaltools.gnu-tools-for-stm32.14.3.rel1.win32_1.0.100.202602081740/tools/bin/../lib/gcc/arm-none-eabi/14.3.1/../../../../arm-none-eabi/lib/thumb/v7e-m+fp/hard\libc_nano.a(libc_a-assert.o)
                              ./Middlewares/Third_Party/OpenAMP/device.o (__assert_func)
D:/Stu15/stmcubeIDE/STM32CubeIDE_2.1.1/STM32CubeIDE/plugins/com.st.stm32cube.ide.mcu.externaltools.gnu-tools-for-stm32.14.3.rel1.win32_1.0.100.202602081740/tools/bin/../lib/gcc/arm-none-eabi/14.3.1/../../../../arm-none-eabi/lib/thumb/v7e-m+fp/hard\libc_nano.a(libc_a-exit.o)
                              D:/Stu15/stmcubeIDE/STM32CubeIDE_2.1.1/STM32CubeIDE/plugins/com.st.stm32cube.ide.mcu.externaltools.gnu-tools-for-stm32.14.3.rel1.win32_1.0.100.202602081740/tools/bin/../lib/gcc/arm-none-eabi/14.3.1/../../../../arm-none-eabi/lib/thumb/v7e-m+fp/hard/crt0.o (exit)
D:/Stu15/stmcubeIDE/STM32CubeIDE_2.1.1/STM32CubeIDE/plugins/com.st.stm32cube.ide.mcu.externaltools.gnu-tools-for-stm32.14.3.rel1.win32_1.0.100.202602081740/tools/bin/../lib/gcc/arm-none-eabi/14.3.1/../../../../arm-none-eabi/lib/thumb/v7e-m+fp/hard\libc_nano.a(libc_a-malloc.o)
                              ./Middlewares/Third_Party/OpenAMP/remoteproc_virtio.o (malloc)
D:/Stu15/stmcubeIDE/STM32CubeIDE_2.1.1/STM32CubeIDE/plugins/com.st.stm32cube.ide.mcu.externaltools.gnu-tools-for-stm32.14.3.rel1.win32_1.0.100.202602081740/tools/bin/../lib/gcc/arm-none-eabi/14.3.1/../../../../arm-none-eabi/lib/thumb/v7e-m+fp/hard\libc_nano.a(libc_a-mallocr.o)
                              D:/Stu15/stmcubeIDE/STM32CubeIDE_2.1.1/STM32CubeIDE/plugins/com.st.stm32cube.ide.mcu.externaltools.gnu-tools-for-stm32.14.3.rel1.win32_1.0.100.202602081740/tools/bin/../lib/gcc/arm-none-eabi/14.3.1/../../../../arm-none-eabi/lib/thumb/v7e-m+fp/hard\libc_nano.a(libc_a-malloc.o) (_malloc_r)
D:/Stu15/stmcubeIDE/STM32CubeIDE_2.1.1/STM32CubeIDE/plugins/com.st.stm32cube.ide.mcu.externaltools.gnu-tools-for-stm32.14.3.rel1.win32_1.0.100.202602081740/tools/bin/../lib/gcc/arm-none-eabi/14.3.1/../../../../arm-none-eabi/lib/thumb/v7e-m+fp/hard\libc_nano.a(libc_a-mlock.o)
                              D:/Stu15/stmcubeIDE/STM32CubeIDE_2.1.1/STM32CubeIDE/plugins/com.st.stm32cube.ide.mcu.externaltools.gnu-tools-for-stm32.14.3.rel1.win32_1.0.100.202602081740/tools/bin/../lib/gcc/arm-none-eabi/14.3.1/../../../../arm-none-eabi/lib/thumb/v7e-m+fp/hard\libc_nano.a(libc_a-mallocr.o) (__malloc_lock)
D:/Stu15/stmcubeIDE/STM32CubeIDE_2.1.1/STM32CubeIDE/plugins/com.st.stm32cube.ide.mcu.externaltools.gnu-tools-for-stm32.14.3.rel1.win32_1.0.100.202602081740/tools/bin/../lib/gcc/arm-none-eabi/14.3.1/../../../../arm-none-eabi/lib/thumb/v7e-m+fp/hard\libc_nano.a(libc_a-findfp.o)
                              D:/Stu15/stmcubeIDE/STM32CubeIDE_2.1.1/STM32CubeIDE/plugins/com.st.stm32cube.ide.mcu.externaltools.gnu-tools-for-stm32.14.3.rel1.win32_1.0.100.202602081740/tools/bin/../lib/gcc/arm-none-eabi/14.3.1/../../../../arm-none-eabi/lib/thumb/v7e-m+fp/hard\libc_nano.a(libc_a-exit.o) (__stdio_exit_handler)
D:/Stu15/stmcubeIDE/STM32CubeIDE_2.1.1/STM32CubeIDE/plugins/com.st.stm32cube.ide.mcu.externaltools.gnu-tools-for-stm32.14.3.rel1.win32_1.0.100.202602081740/tools/bin/../lib/gcc/arm-none-eabi/14.3.1/../../../../arm-none-eabi/lib/thumb/v7e-m+fp/hard\libc_nano.a(libc_a-fprintf.o)
                              D:/Stu15/stmcubeIDE/STM32CubeIDE_2.1.1/STM32CubeIDE/plugins/com.st.stm32cube.ide.mcu.externaltools.gnu-tools-for-stm32.14.3.rel1.win32_1.0.100.202602081740/tools/bin/../lib/gcc/arm-none-eabi/14.3.1/../../../../arm-none-eabi/lib/thumb/v7e-m+fp/hard\libc_nano.a(libc_a-assert.o) (fiprintf)
D:/Stu15/stmcubeIDE/STM32CubeIDE_2.1.1/STM32CubeIDE/plugins/com.st.stm32cube.ide.mcu.externaltools.gnu-tools-for-stm32.14.3.rel1.win32_1.0.100.202602081740/tools/bin/../lib/gcc/arm-none-eabi/14.3.1/../../../../arm-none-eabi/lib/thumb/v7e-m+fp/hard\libc_nano.a(libc_a-fwalk.o)
                              D:/Stu15/stmcubeIDE/STM32CubeIDE_2.1.1/STM32CubeIDE/plugins/com.st.stm32cube.ide.mcu.externaltools.gnu-tools-for-stm32.14.3.rel1.win32_1.0.100.202602081740/tools/bin/../lib/gcc/arm-none-eabi/14.3.1/../../../../arm-none-eabi/lib/thumb/v7e-m+fp/hard\libc_nano.a(libc_a-findfp.o) (_fwalk_sglue)
D:/Stu15/stmcubeIDE/STM32CubeIDE_2.1.1/STM32CubeIDE/plugins/com.st.stm32cube.ide.mcu.externaltools.gnu-tools-for-stm32.14.3.rel1.win32_1.0.100.202602081740/tools/bin/../lib/gcc/arm-none-eabi/14.3.1/../../../../arm-none-eabi/lib/thumb/v7e-m+fp/hard\libc_nano.a(libc_a-stdio.o)
                              D:/Stu15/stmcubeIDE/STM32CubeIDE_2.1.1/STM32CubeIDE/plugins/com.st.stm32cube.ide.mcu.externaltools.gnu-tools-for-stm32.14.3.rel1.win32_1.0.100.202602081740/tools/bin/../lib/gcc/arm-none-eabi/14.3.1/../../../../arm-none-eabi/lib/thumb/v7e-m+fp/hard\libc_nano.a(libc_a-findfp.o) (__sread)
[...]
Memory Configuration

Name             Origin             Length             Attributes
m_interrupts     0x00000000         0x00000298         xr
m_text           0x10000000         0x00020000         xr
m_data           0x10020000         0x00020000         rw
m_ipc_shm        0x10040000         0x00008000         rw
*default*        0x00000000         0xffffffff

Linker script and memory map

LOAD D:/Stu15/stmcubeIDE/STM32CubeIDE_2.1.1/STM32CubeIDE/plugins/com.st.stm32cube.ide.mcu.externaltools.gnu-tools-for-stm32.14.3.rel1.win32_1.0.100.202602081740/tools/bin/../lib/gcc/arm-none-eabi/14.3.1/thumb/v7e-m+fp/hard/crti.o
LOAD D:/Stu15/stmcubeIDE/STM32CubeIDE_2.1.1/STM32CubeIDE/plugins/com.st.stm32cube.ide.mcu.externaltools.gnu-tools-for-stm32.14.3.rel1.win32_1.0.100.202602081740/tools/bin/../lib/gcc/arm-none-eabi/14.3.1/thumb/v7e-m+fp/hard/crtbegin.o
LOAD D:/Stu15/stmcubeIDE/STM32CubeIDE_2.1.1/STM32CubeIDE/plugins/com.st.stm32cube.ide.mcu.externaltools.gnu-tools-for-stm32.14.3.rel1.win32_1.0.100.202602081740/tools/bin/../lib/gcc/arm-none-eabi/14.3.1/../../../../arm-none-eabi/lib/thumb/v7e-m+fp/hard/crt0.o
LOAD ./Common/System/system_stm32mp1xx.o
LOAD ./Core/Src/dma.o
LOAD ./Core/Src/freertos.o
LOAD ./Core/Src/gpio.o
LOAD ./Core/Src/ipcc.o
LOAD ./Core/Src/main.o
LOAD ./Core/Src/stm32mp1xx_hal_msp.o
LOAD ./Core/Src/stm32mp1xx_it.o
LOAD ./Core/Src/syscalls.o
LOAD ./Core/Src/sysmem.o
LOAD ./Core/Src/tim.o
LOAD ./Core/Src/usart.o
LOAD ./Core/Src/ws2812b.o
LOAD ./Core/Startup/startup_stm32mp157daax.o
LOAD ./Drivers/STM32MP1xx_HAL_Driver/stm32mp1xx_hal.o
LOAD ./Drivers/STM32MP1xx_HAL_Driver/stm32mp1xx_hal_cortex.o
LOAD ./Drivers/STM32MP1xx_HAL_Driver/stm32mp1xx_hal_dma.o
LOAD ./Drivers/STM32MP1xx_HAL_Driver/stm32mp1xx_hal_dma_ex.o
LOAD ./Drivers/STM32MP1xx_HAL_Driver/stm32mp1xx_hal_exti.o
LOAD ./Drivers/STM32MP1xx_HAL_Driver/stm32mp1xx_hal_gpio.o
LOAD ./Drivers/STM32MP1xx_HAL_Driver/stm32mp1xx_hal_hsem.o
LOAD ./Drivers/STM32MP1xx_HAL_Driver/stm32mp1xx_hal_ipcc.o
LOAD ./Drivers/STM32MP1xx_HAL_Driver/stm32mp1xx_hal_mdma.o
LOAD ./Drivers/STM32MP1xx_HAL_Driver/stm32mp1xx_hal_pwr.o
LOAD ./Drivers/STM32MP1xx_HAL_Driver/stm32mp1xx_hal_pwr_ex.o
LOAD ./Drivers/STM32MP1xx_HAL_Driver/stm32mp1xx_hal_rcc.o
LOAD ./Drivers/STM32MP1xx_HAL_Driver/stm32mp1xx_hal_rcc_ex.o
LOAD ./Drivers/STM32MP1xx_HAL_Driver/stm32mp1xx_hal_tim.o
LOAD ./Drivers/STM32MP1xx_HAL_Driver/stm32mp1xx_hal_tim_ex.o
LOAD ./Drivers/STM32MP1xx_HAL_Driver/stm32mp1xx_hal_uart.o
LOAD ./Drivers/STM32MP1xx_HAL_Driver/stm32mp1xx_hal_uart_ex.o
LOAD ./Middlewares/Third_Party/FreeRTOS/cmsis_os2.o
LOAD ./Middlewares/Third_Party/FreeRTOS/croutine.o
LOAD ./Middlewares/Third_Party/FreeRTOS/event_groups.o
LOAD ./Middlewares/Third_Party/FreeRTOS/heap_4.o
LOAD ./Middlewares/Third_Party/FreeRTOS/list.o
LOAD ./Middlewares/Third_Party/FreeRTOS/mpu_wrappers.o
LOAD ./Middlewares/Third_Party/FreeRTOS/mpu_wrappers_v2.o
LOAD ./Middlewares/Third_Party/FreeRTOS/port.o
LOAD ./Middlewares/Third_Party/FreeRTOS/queue.o
LOAD ./Middlewares/Third_Party/FreeRTOS/stream_buffer.o
LOAD ./Middlewares/Third_Party/FreeRTOS/tasks.o
LOAD ./Middlewares/Third_Party/FreeRTOS/timers.o
LOAD ./Middlewares/Third_Party/OpenAMP/condition.o
LOAD ./Middlewares/Third_Party/OpenAMP/device.o
LOAD ./Middlewares/Third_Party/OpenAMP/generic_device.o
LOAD ./Middlewares/Third_Party/OpenAMP/generic_init.o
LOAD ./Middlewares/Third_Party/OpenAMP/generic_io.o
LOAD ./Middlewares/Third_Party/OpenAMP/generic_shmem.o
LOAD ./Middlewares/Third_Party/OpenAMP/init.o
LOAD ./Middlewares/Third_Party/OpenAMP/io.o
LOAD ./Middlewares/Third_Party/OpenAMP/log.o
LOAD ./Middlewares/Third_Party/OpenAMP/remoteproc_virtio.o
LOAD ./Middlewares/Third_Party/OpenAMP/rpmsg.o
LOAD ./Middlewares/Third_Party/OpenAMP/rpmsg_virtio.o
LOAD ./Middlewares/Third_Party/OpenAMP/shmem.o
LOAD ./Middlewares/Third_Party/OpenAMP/sys.o
LOAD ./Middlewares/Third_Party/OpenAMP/time.o
LOAD ./Middlewares/Third_Party/OpenAMP/virt_uart.o
LOAD ./Middlewares/Third_Party/OpenAMP/virtio.o
LOAD ./Middlewares/Third_Party/OpenAMP/virtqueue.o
LOAD ./OPENAMP/mbox_ipcc.o
LOAD ./OPENAMP/openamp.o
LOAD ./OPENAMP/openamp_log.o
LOAD ./OPENAMP/rsc_table.o
START GROUP
LOAD D:/Stu15/stmcubeIDE/STM32CubeIDE_2.1.1/STM32CubeIDE/plugins/com.st.stm32cube.ide.mcu.externaltools.gnu-tools-for-stm32.14.3.rel1.win32_1.0.100.202602081740/tools/bin/../lib/gcc/arm-none-eabi/14.3.1/../../../../arm-none-eabi/lib/thumb/v7e-m+fp/hard\libc_nano.a
LOAD D:/Stu15/stmcubeIDE/STM32CubeIDE_2.1.1/STM32CubeIDE/plugins/com.st.stm32cube.ide.mcu.externaltools.gnu-tools-for-stm32.14.3.rel1.win32_1.0.100.202602081740/tools/bin/../lib/gcc/arm-none-eabi/14.3.1/../../../../arm-none-eabi/lib/thumb/v7e-m+fp/hard\libm.a
END GROUP
START GROUP
LOAD D:/Stu15/stmcubeIDE/STM32CubeIDE_2.1.1/STM32CubeIDE/plugins/com.st.stm32cube.ide.mcu.externaltools.gnu-tools-for-stm32.14.3.rel1.win32_1.0.100.202602081740/tools/bin/../lib/gcc/arm-none-eabi/14.3.1/thumb/v7e-m+fp/hard\libgcc.a
LOAD D:/Stu15/stmcubeIDE/STM32CubeIDE_2.1.1/STM32CubeIDE/plugins/com.st.stm32cube.ide.mcu.externaltools.gnu-tools-for-stm32.14.3.rel1.win32_1.0.100.202602081740/tools/bin/../lib/gcc/arm-none-eabi/14.3.1/../../../../arm-none-eabi/lib/thumb/v7e-m+fp/hard\libc_nano.a
END GROUP
START GROUP
LOAD D:/Stu15/stmcubeIDE/STM32CubeIDE_2.1.1/STM32CubeIDE/plugins/com.st.stm32cube.ide.mcu.externaltools.gnu-tools-for-stm32.14.3.rel1.win32_1.0.100.202602081740/tools/bin/../lib/gcc/arm-none-eabi/14.3.1/thumb/v7e-m+fp/hard\libgcc.a
LOAD D:/Stu15/stmcubeIDE/STM32CubeIDE_2.1.1/STM32CubeIDE/plugins/com.st.stm32cube.ide.mcu.externaltools.gnu-tools-for-stm32.14.3.rel1.win32_1.0.100.202602081740/tools/bin/../lib/gcc/arm-none-eabi/14.3.1/../../../../arm-none-eabi/lib/thumb/v7e-m+fp/hard\libc_nano.a
LOAD D:/Stu15/stmcubeIDE/STM32CubeIDE_2.1.1/STM32CubeIDE/plugins/com.st.stm32cube.ide.mcu.externaltools.gnu-tools-for-stm32.14.3.rel1.win32_1.0.100.202602081740/tools/bin/../lib/gcc/arm-none-eabi/14.3.1/../../../../arm-none-eabi/lib/thumb/v7e-m+fp/hard\libnosys.a
END GROUP
START GROUP
LOAD D:/Stu15/stmcubeIDE/STM32CubeIDE_2.1.1/STM32CubeIDE/plugins/com.st.stm32cube.ide.mcu.externaltools.gnu-tools-for-stm32.14.3.rel1.win32_1.0.100.202602081740/tools/bin/../lib/gcc/arm-none-eabi/14.3.1/thumb/v7e-m+fp/hard\libgcc.a
LOAD D:/Stu15/stmcubeIDE/STM32CubeIDE_2.1.1/STM32CubeIDE/plugins/com.st.stm32cube.ide.mcu.externaltools.gnu-tools-for-stm32.14.3.rel1.win32_1.0.100.202602081740/tools/bin/../lib/gcc/arm-none-eabi/14.3.1/../../../../arm-none-eabi/lib/thumb/v7e-m+fp/hard\libc_nano.a
LOAD D:/Stu15/stmcubeIDE/STM32CubeIDE_2.1.1/STM32CubeIDE/plugins/com.st.stm32cube.ide.mcu.externaltools.gnu-tools-for-stm32.14.3.rel1.win32_1.0.100.202602081740/tools/bin/../lib/gcc/arm-none-eabi/14.3.1/../../../../arm-none-eabi/lib/thumb/v7e-m+fp/hard\libnosys.a
END GROUP
LOAD D:/Stu15/stmcubeIDE/STM32CubeIDE_2.1.1/STM32CubeIDE/plugins/com.st.stm32cube.ide.mcu.externaltools.gnu-tools-for-stm32.14.3.rel1.win32_1.0.100.202602081740/tools/bin/../lib/gcc/arm-none-eabi/14.3.1/thumb/v7e-m+fp/hard/crtend.o
LOAD D:/Stu15/stmcubeIDE/STM32CubeIDE_2.1.1/STM32CubeIDE/plugins/com.st.stm32cube.ide.mcu.externaltools.gnu-tools-for-stm32.14.3.rel1.win32_1.0.100.202602081740/tools/bin/../lib/gcc/arm-none-eabi/14.3.1/thumb/v7e-m+fp/hard/crtn.o
                0x10040000                        _estack = 0x10040000
                0x00000200                        _Min_Heap_Size = 0x200
                0x00000400                        _Min_Stack_Size = 0x400
                0x10040000                        __OPENAMP_region_start__ = ORIGIN (m_ipc_shm)
                0x10048000                        __OPENAMP_region_end__ = (ORIGIN (m_ipc_shm) + LENGTH (m_ipc_shm))

.isr_vector     0x00000000      0x298
                0x00000000                        . = ALIGN (0x4)
 *(.isr_vector)
 .isr_vector    0x00000000      0x298 ./Core/Startup/startup_stm32mp157daax.o
                0x00000000                g_pfnVectors
                0x00000298                        . = ALIGN (0x4)

.text           0x10000000     0x4f6c
                0x10000000                        . = ALIGN (0x4)
 *(.text)
 .text          0x10000000       0x40 D:/Stu15/stmcubeIDE/STM32CubeIDE_2.1.1/STM32CubeIDE/plugins/com.st.stm32cube.ide.mcu.externaltools.gnu-tools-for-stm32.14.3.rel1.win32_1.0.100.202602081740/tools/bin/../lib/gcc/arm-none-eabi/14.3.1/thumb/v7e-m+fp/hard/crtbegin.o
 *(.text*)
 .text.SystemInit
                0x10000040       0x4c ./Common/System/system_stm32mp1xx.o
                0x10000040                SystemInit
 .text.MX_DMA_Init
                0x1000008c       0x2c ./Core/Src/dma.o
                0x1000008c                MX_DMA_Init
 .text.MX_GPIO_Init
                0x100000b8       0x8c ./Core/Src/gpio.o
                0x100000b8                MX_GPIO_Init
 .text.WS2812B_ColorHold
                0x10000144       0x32 ./Core/Src/main.o
 *fill*         0x10000176        0x2 
 .text.main     0x10000178       0x8c ./Core/Src/main.o
                0x10000178                main
 .text.SystemClock_Config
                0x10000204      0x13c ./Core/Src/main.o
                0x10000204                SystemClock_Config
 .text.Error_Handler
                0x10000340        0xc ./Core/Src/main.o
                0x10000340                Error_Handler
 .text.HAL_MspInit
                0x1000034c       0x6c ./Core/Src/stm32mp1xx_hal_msp.o
                0x1000034c                HAL_MspInit
 .text.NMI_Handler
                0x100003b8        0xe ./Core/Src/stm32mp1xx_it.o
                0x100003b8                NMI_Handler
 .text.HardFault_Handler
                0x100003c6        0x8 ./Core/Src/stm32mp1xx_it.o
                0x100003c6                HardFault_Handler
 .text.MemManage_Handler
                0x100003ce        0x8 ./Core/Src/stm32mp1xx_it.o
                0x100003ce                MemManage_Handler
 .text.BusFault_Handler
                0x100003d6        0x8 ./Core/Src/stm32mp1xx_it.o
                0x100003d6                BusFault_Handler
 .text.UsageFault_Handler
                0x100003de        0x8 ./Core/Src/stm32mp1xx_it.o
                0x100003de                UsageFault_Handler
 .text.DebugMon_Handler
                0x100003e6        0xe ./Core/Src/stm32mp1xx_it.o
                0x100003e6                DebugMon_Handler
 .text.SysTick_Handler
                0x100003f4       0x1a ./Core/Src/stm32mp1xx_it.o
                0x100003f4                SysTick_Handler
 *fill*         0x1000040e        0x2 
 .text.DMA2_Stream0_IRQHandler
                0x10000410       0x14 ./Core/Src/stm32mp1xx_it.o
                0x10000410                DMA2_Stream0_IRQHandler
 .text.IPCC_RX1_IRQHandler
                0x10000424       0x14 ./Core/Src/stm32mp1xx_it.o
                0x10000424                IPCC_RX1_IRQHandler
 .text.IPCC_TX1_IRQHandler
                0x10000438       0x14 ./Core/Src/stm32mp1xx_it.o
                0x10000438                IPCC_TX1_IRQHandler
 .text.RCC_WAKEUP_IRQHandler
                0x1000044c        0xc ./Core/Src/stm32mp1xx_it.o
                0x1000044c                RCC_WAKEUP_IRQHandler
 .text.MX_TIM2_Init
                0x10000458       0xec ./Core/Src/tim.o
                0x10000458                MX_TIM2_Init
 .text.HAL_TIM_Base_MspInit
                0x10000544       0x8c ./Core/Src/tim.o
                0x10000544                HAL_TIM_Base_MspInit
 .text.HAL_TIM_MspPostInit
                0x100005d0       0x5c ./Core/Src/tim.o
                0x100005d0                HAL_TIM_MspPostInit
 .text.WS2812B_LimitBrightness
                0x1000062c       0x20 ./Core/Src/ws2812b.o
 .text.WS2812B_FillResetCode
                0x1000064c       0x40 ./Core/Src/ws2812b.o
 .text.WS2812B_Wheel
                0x1000068c       0xb0 ./Core/Src/ws2812b.o
 .text.WS2812B_Init
                0x1000073c       0x16 ./Core/Src/ws2812b.o
                0x1000073c                WS2812B_Init
 *fill*         0x10000752        0x2 
 .text.WS2812B_SetPixelColor
                0x10000754       0xb0 ./Core/Src/ws2812b.o
                0x10000754                WS2812B_SetPixelColor
 .text.WS2812B_FillColor
                0x10000804       0x3a ./Core/Src/ws2812b.o
                0x10000804                WS2812B_FillColor
 *fill*         0x1000083e        0x2 
 .text.WS2812B_Show
                0x10000840       0xe8 ./Core/Src/ws2812b.o
                0x10000840                WS2812B_Show
 .text.WS2812B_RainbowStep
                0x10000928       0x70 ./Core/Src/ws2812b.o
                0x10000928                WS2812B_RainbowStep
 .text.WS2812B_PinAsTimer
                0x10000998       0x4c ./Core/Src/ws2812b.o
                0x10000998                WS2812B_PinAsTimer
 .text.HAL_TIM_PWM_PulseFinishedCallback
                0x100009e4       0x38 ./Core/Src/ws2812b.o
                0x100009e4                HAL_TIM_PWM_PulseFinishedCallback
 .text.Default_Handler
                0x10000a1c        0x2 ./Core/Startup/startup_stm32mp157daax.o
                0x10000a1c                EXTI2_IRQHandler
                0x10000a1c                TIM8_TRG_COM_IRQHandler
                0x10000a1c                TIM8_CC_IRQHandler
                0x10000a1c                EXTI5_IRQHandler
                0x10000a1c                UART8_IRQHandler
                0x10000a1c                SPI4_IRQHandler
                0x10000a1c                EXTI13_IRQHandler
                0x10000a1c                TIM1_CC_IRQHandler
                0x10000a1c                DMA2_Stream5_IRQHandler
                0x10000a1c                ETH1_WKUP_IRQHandler
                0x10000a1c                TAMP_IRQHandler
                0x10000a1c                DMA1_Stream5_IRQHandler
                0x10000a1c                TIM6_IRQHandler
                0x10000a1c                EXTI12_IRQHandler
                0x10000a1c                EXTI3_IRQHandler
                0x10000a1c                LPTIM4_IRQHandler
                0x10000a1c                EXTI8_IRQHandler
                0x10000a1c                LPTIM2_IRQHandler
                0x10000a1c                DFSDM1_FLT1_IRQHandler
                0x10000a1c                I2C3_ER_IRQHandler
                0x10000a1c                DFSDM1_FLT2_IRQHandler
                0x10000a1c                I2C5_EV_IRQHandler
                0x10000a1c                MDMA_IRQHandler
                0x10000a1c                LPTIM3_IRQHandler
                0x10000a1c                EXTI0_IRQHandler
                0x10000a1c                I2C2_EV_IRQHandler
                0x10000a1c                DMA1_Stream2_IRQHandler
                0x10000a1c                FPU_IRQHandler
                0x10000a1c                USBH_OHCI_IRQHandler
                0x10000a1c                FDCAN1_IT1_IRQHandler
                0x10000a1c                LTDC_ER_IRQHandler
                0x10000a1c                DMA2_Stream2_IRQHandler
                0x10000a1c                IPCC_RX0_IRQHandler
                0x10000a1c                OTG_IRQHandler
                0x10000a1c                SPI1_IRQHandler
                0x10000a1c                DCMI_IRQHandler
                0x10000a1c                TIM8_UP_IRQHandler
                0x10000a1c                DMA2_Stream3_IRQHandler
                0x10000a1c                USBH_EHCI_IRQHandler
                0x10000a1c                nCTIIRQ2_IRQHandler
                0x10000a1c                HASH1_IRQHandler
                0x10000a1c                GPU_IRQHandler
                0x10000a1c                SAI2_IRQHandler
                0x10000a1c                ADC1_IRQHandler
                0x10000a1c                RESERVED148_IRQHandler
                0x10000a1c                RTC_TIMESTAMP_IRQHandler
                0x10000a1c                DFSDM1_FLT3_IRQHandler
                0x10000a1c                USART6_IRQHandler
                0x10000a1c                EXTI15_IRQHandler
                0x10000a1c                TIM17_IRQHandler
                0x10000a1c                USART3_IRQHandler
                0x10000a1c                EXTI9_IRQHandler
                0x10000a1c                LPTIM5_IRQHandler
                0x10000a1c                UART5_IRQHandler
                0x10000a1c                TIM4_IRQHandler
                0x10000a1c                CRYP2_IRQHandler
                0x10000a1c                QUADSPI_IRQHandler
                0x10000a1c                I2C1_EV_IRQHandler
                0x10000a1c                DMA1_Stream6_IRQHandler
                0x10000a1c                RESERVED99_IRQHandler
                0x10000a1c                DMAMUX1_OVR_IRQHandler
                0x10000a1c                DMA1_Stream1_IRQHandler
                0x10000a1c                TIM16_IRQHandler
                0x10000a1c                UART4_IRQHandler
                0x10000a1c                TIM3_IRQHandler
                0x10000a1c                RCC_IRQHandler
                0x10000a1c                TIM1_TRG_COM_IRQHandler
                0x10000a1c                nCTIIRQ1_IRQHandler
                0x10000a1c                Default_Handler
                0x10000a1c                CEC_IRQHandler
                0x10000a1c                DFSDM1_FLT4_IRQHandler
                0x10000a1c                TIM14_IRQHandler
                0x10000a1c                I2C5_ER_IRQHandler
                0x10000a1c                TIM13_IRQHandler
                0x10000a1c                DMA1_Stream7_IRQHandler
                0x10000a1c                IPCC_TX0_IRQHandler
                0x10000a1c                SPI5_IRQHandler
                0x10000a1c                TIM12_IRQHandler
                0x10000a1c                TIM7_IRQHandler
                0x10000a1c                SDMMC1_IRQHandler
                0x10000a1c                TIM5_IRQHandler
                0x10000a1c                DMA2_Stream7_IRQHandler
                0x10000a1c                TIM15_IRQHandler
                0x10000a1c                PVD_AVD_IRQHandler
                0x10000a1c                I2C3_EV_IRQHandler
                0x10000a1c                SDMMC3_IRQHandler
                0x10000a1c                ETH1_IRQHandler
                0x10000a1c                LTDC_IRQHandler
                0x10000a1c                SAI3_IRQHandler
                0x10000a1c                SPDIF_RX_IRQHandler
                0x10000a1c                ADC2_IRQHandler
                0x10000a1c                SPI2_IRQHandler
                0x10000a1c                DFSDM1_FLT5_IRQHandler
                0x10000a1c                DMA1_Stream0_IRQHandler
                0x10000a1c                EXTI14_IRQHandler
                0x10000a1c                EXTI11_IRQHandler
                0x10000a1c                CRYP1_IRQHandler
                0x10000a1c                RNG2_IRQHandler
                0x10000a1c                RNG1_IRQHandler
                0x10000a1c                HASH2_IRQHandler
                0x10000a1c                EXTI4_IRQHandler
                0x10000a1c                ETH1_LPI_IRQHandler
                0x10000a1c                FDCAN2_IT1_IRQHandler
                0x10000a1c                DSI_IRQHandler
                0x10000a1c                TIM1_UP_IRQHandler
                0x10000a1c                HSEM_IT2_IRQHandler
                0x10000a1c                SPI6_IRQHandler
                0x10000a1c                MDIOS_IRQHandler
                0x10000a1c                I2C4_EV_IRQHandler
                0x10000a1c                FDCAN2_IT0_IRQHandler
                0x10000a1c                I2C6_ER_IRQHandler
                0x10000a1c                FDCAN1_IT0_IRQHandler
                0x10000a1c                TIM2_IRQHandler
                0x10000a1c                EXTI7_IRQHandler
                0x10000a1c                TIM1_BRK_IRQHandler
                0x10000a1c                DAC_IRQHandler
                0x10000a1c                EXTI1_IRQHandler
                0x10000a1c                SDMMC2_IRQHandler
                0x10000a1c                DTS_IRQHandler
                0x10000a1c                UART7_IRQHandler
                0x10000a1c                USART2_IRQHandler
                0x10000a1c                I2C6_EV_IRQHandler
                0x10000a1c                DFSDM1_FLT0_IRQHandler
                0x10000a1c                SAI4_IRQHandler
                0x10000a1c                I2C2_ER_IRQHandler
                0x10000a1c                DMA2_Stream1_IRQHandler
                0x10000a1c                TIM8_BRK_IRQHandler
                0x10000a1c                WWDG1_IRQHandler
                0x10000a1c                DMA2_Stream4_IRQHandler
                0x10000a1c                USART1_IRQHandler
                0x10000a1c                RESERVED143_IRQHandler
                0x10000a1c                EXTI10_IRQHandler
                0x10000a1c                SPI3_IRQHandler
                0x10000a1c                WAKEUP_PIN_IRQHandler
                0x10000a1c                DMA1_Stream4_IRQHandler
                0x10000a1c                I2C1_ER_IRQHandler
                0x10000a1c                FMC_IRQHandler
                0x10000a1c                FDCAN_CAL_IRQHandler
                0x10000a1c                EXTI6_IRQHandler
                0x10000a1c                MPU_SEV_IRQHandler
                0x10000a1c                LPTIM1_IRQHandler
                0x10000a1c                RTC_WKUP_ALARM_IRQHandler
                0x10000a1c                I2C4_ER_IRQHandler
                0x10000a1c                DMA2_Stream6_IRQHandler
                0x10000a1c                SAI1_IRQHandler
                0x10000a1c                DMA1_Stream3_IRQHandler
                0x10000a1c                RESERVED4_IRQHandler
 *fill*         0x10000a1e        0x2 
 .text.HAL_Init
                0x10000a20       0x34 ./Drivers/STM32MP1xx_HAL_Driver/stm32mp1xx_hal.o
                0x10000a20                HAL_Init
 .text.HAL_InitTick
                0x10000a54       0x6c ./Drivers/STM32MP1xx_HAL_Driver/stm32mp1xx_hal.o
                0x10000a54                HAL_InitTick
 .text.HAL_IncTick
                0x10000ac0       0x28 ./Drivers/STM32MP1xx_HAL_Driver/stm32mp1xx_hal.o
                0x10000ac0                HAL_IncTick
 .text.HAL_GetTick
                0x10000ae8       0x18 ./Drivers/STM32MP1xx_HAL_Driver/stm32mp1xx_hal.o
                0x10000ae8                HAL_GetTick
 .text.HAL_Delay
                0x10000b00       0x48 ./Drivers/STM32MP1xx_HAL_Driver/stm32mp1xx_hal.o
                0x10000b00                HAL_Delay
 .text.__NVIC_SetPriorityGrouping
                0x10000b48       0x48 ./Drivers/STM32MP1xx_HAL_Driver/stm32mp1xx_hal_cortex.o
 .text.__NVIC_GetPriorityGrouping
                0x10000b90       0x1c ./Drivers/STM32MP1xx_HAL_Driver/stm32mp1xx_hal_cortex.o
 .text.__NVIC_EnableIRQ
                0x10000bac       0x3c ./Drivers/STM32MP1xx_HAL_Driver/stm32mp1xx_hal_cortex.o
 .text.__NVIC_SetPriority
                0x10000be8       0x54 ./Drivers/STM32MP1xx_HAL_Driver/stm32mp1xx_hal_cortex.o
 .text.NVIC_EncodePriority
                0x10000c3c       0x66 ./Drivers/STM32MP1xx_HAL_Driver/stm32mp1xx_hal_cortex.o
 *fill*         0x10000ca2        0x2 
 .text.SysTick_Config
                0x10000ca4       0x44 ./Drivers/STM32MP1xx_HAL_Driver/stm32mp1xx_hal_cortex.o
 .text.HAL_NVIC_SetPriorityGrouping
                0x10000ce8       0x16 ./Drivers/STM32MP1xx_HAL_Driver/stm32mp1xx_hal_cortex.o
                0x10000ce8                HAL_NVIC_SetPriorityGrouping
 .text.HAL_NVIC_SetPriority
                0x10000cfe       0x38 ./Drivers/STM32MP1xx_HAL_Driver/stm32mp1xx_hal_cortex.o
                0x10000cfe                HAL_NVIC_SetPriority
 .text.HAL_NVIC_EnableIRQ
                0x10000d36       0x1c ./Drivers/STM32MP1xx_HAL_Driver/stm32mp1xx_hal_cortex.o
                0x10000d36                HAL_NVIC_EnableIRQ
 .text.HAL_SYSTICK_Config
                0x10000d52       0x18 ./Drivers/STM32MP1xx_HAL_Driver/stm32mp1xx_hal_cortex.o
                0x10000d52                HAL_SYSTICK_Config
 *fill*         0x10000d6a        0x2 
 .text.HAL_DMA_Init
                0x10000d6c      0x250 ./Drivers/STM32MP1xx_HAL_Driver/stm32mp1xx_hal_dma.o
                0x10000d6c                HAL_DMA_Init
 .text.HAL_DMA_Start_IT
                0x10000fbc       0xfa ./Drivers/STM32MP1xx_HAL_Driver/stm32mp1xx_hal_dma.o
                0x10000fbc                HAL_DMA_Start_IT
 .text.HAL_DMA_Abort_IT
                0x100010b6       0x4e ./Drivers/STM32MP1xx_HAL_Driver/stm32mp1xx_hal_dma.o
                0x100010b6                HAL_DMA_Abort_IT
 .text.HAL_DMA_IRQHandler
                0x10001104      0x388 ./Drivers/STM32MP1xx_HAL_Driver/stm32mp1xx_hal_dma.o
                0x10001104                HAL_DMA_IRQHandler
 .text.DMA_SetConfig
                0x1000148c       0x8e ./Drivers/STM32MP1xx_HAL_Driver/stm32mp1xx_hal_dma.o
 *fill*         0x1000151a        0x2 
 .text.DMA_CalcBaseAndBitshift
                0x1000151c       0x6c ./Drivers/STM32MP1xx_HAL_Driver/stm32mp1xx_hal_dma.o
 .text.DMA_CheckFifoParam
                0x10001588       0xf8 ./Drivers/STM32MP1xx_HAL_Driver/stm32mp1xx_hal_dma.o
 .text.DMA_CalcDMAMUXChannelBaseAndMask
                0x10001680       0x78 ./Drivers/STM32MP1xx_HAL_Driver/stm32mp1xx_hal_dma.o
 .text.DMA_CalcDMAMUXRequestGenBaseAndMask
                0x100016f8       0x50 ./Drivers/STM32MP1xx_HAL_Driver/stm32mp1xx_hal_dma.o
 .text.HAL_GPIO_Init
                0x10001748      0x354 ./Drivers/STM32MP1xx_HAL_Driver/stm32mp1xx_hal_gpio.o
                0x10001748                HAL_GPIO_Init
 .text.HAL_GPIO_WritePin
                0x10001a9c       0x32 ./Drivers/STM32MP1xx_HAL_Driver/stm32mp1xx_hal_gpio.o
                0x10001a9c                HAL_GPIO_WritePin
 *fill*         0x10001ace        0x2 
 .text.HAL_IPCC_TX_IRQHandler
                0x10001ad0       0x9c ./Drivers/STM32MP1xx_HAL_Driver/stm32mp1xx_hal_ipcc.o
                0x10001ad0                HAL_IPCC_TX_IRQHandler
 .text.HAL_IPCC_RX_IRQHandler
                0x10001b6c       0x98 ./Drivers/STM32MP1xx_HAL_Driver/stm32mp1xx_hal_ipcc.o
                0x10001b6c                HAL_IPCC_RX_IRQHandler
 .text.HAL_RCC_OscConfig
                0x10001c04      0x664 ./Drivers/STM32MP1xx_HAL_Driver/stm32mp1xx_hal_rcc.o
                0x10001c04                HAL_RCC_OscConfig
 .text.HAL_RCC_HSEConfig
                0x10002268       0xd6 ./Drivers/STM32MP1xx_HAL_Driver/stm32mp1xx_hal_rcc.o
                0x10002268                HAL_RCC_HSEConfig
 .text.HAL_RCC_LSEConfig
                0x1000233e       0xfa ./Drivers/STM32MP1xx_HAL_Driver/stm32mp1xx_hal_rcc.o
                0x1000233e                HAL_RCC_LSEConfig
 .text.RCC_PLL1_Config
                0x10002438      0x308 ./Drivers/STM32MP1xx_HAL_Driver/stm32mp1xx_hal_rcc.o
                0x10002438                RCC_PLL1_Config
 .text.HAL_RCC_ClockConfig
                0x10002740      0x224 ./Drivers/STM32MP1xx_HAL_Driver/stm32mp1xx_hal_rcc.o
                0x10002740                HAL_RCC_ClockConfig
 .text.RCC_MPUConfig
                0x10002964       0xec ./Drivers/STM32MP1xx_HAL_Driver/stm32mp1xx_hal_rcc.o
                0x10002964                RCC_MPUConfig
 .text.RCC_AXISSConfig
                0x10002a50      0x12e ./Drivers/STM32MP1xx_HAL_Driver/stm32mp1xx_hal_rcc.o
                0x10002a50                RCC_AXISSConfig
 *fill*         0x10002b7e        0x2 
 .text.RCC_MCUConfig
                0x10002b80      0x150 ./Drivers/STM32MP1xx_HAL_Driver/stm32mp1xx_hal_rcc.o
                0x10002b80                RCC_MCUConfig
 .text.HAL_RCC_GetPLL3ClockFreq
                0x10002cd0      0x1f4 ./Drivers/STM32MP1xx_HAL_Driver/stm32mp1xx_hal_rcc.o
                0x10002cd0                HAL_RCC_GetPLL3ClockFreq
 .text.HAL_RCC_GetMCUFreq
                0x10002ec4       0x36 ./Drivers/STM32MP1xx_HAL_Driver/stm32mp1xx_hal_rcc.o
                0x10002ec4                HAL_RCC_GetMCUFreq
 .text.HAL_RCC_GetSystemCoreClockFreq
                0x10002efa        0xe ./Drivers/STM32MP1xx_HAL_Driver/stm32mp1xx_hal_rcc.o
                0x10002efa                HAL_RCC_GetSystemCoreClockFreq
 .text.HAL_RCC_GetMCUSSFreq
                0x10002f08       0x74 ./Drivers/STM32MP1xx_HAL_Driver/stm32mp1xx_hal_rcc.o
                0x10002f08                HAL_RCC_GetMCUSSFreq
 .text.HAL_RCC_WAKEUP_IRQHandler
                0x10002f7c       0x2a ./Drivers/STM32MP1xx_HAL_Driver/stm32mp1xx_hal_rcc.o
                0x10002f7c                HAL_RCC_WAKEUP_IRQHandler
 .text.HAL_RCC_WAKEUP_Callback
                0x10002fa6        0xe ./Drivers/STM32MP1xx_HAL_Driver/stm32mp1xx_hal_rcc.o
                0x10002fa6                HAL_RCC_WAKEUP_Callback
 .text.RCCEx_PLL2_Config
                0x10002fb4      0x304 ./Drivers/STM32MP1xx_HAL_Driver/stm32mp1xx_hal_rcc_ex.o
                0x10002fb4                RCCEx_PLL2_Config
 .text.RCCEx_PLL3_Config
                0x100032b8      0x2d4 ./Drivers/STM32MP1xx_HAL_Driver/stm32mp1xx_hal_rcc_ex.o
                0x100032b8                RCCEx_PLL3_Config
 .text.RCCEx_PLL4_Config
                0x1000358c      0x2b0 ./Drivers/STM32MP1xx_HAL_Driver/stm32mp1xx_hal_rcc_ex.o
                0x1000358c                RCCEx_PLL4_Config
 .text.HAL_TIM_Base_Init
                0x1000383c       0x56 ./Drivers/STM32MP1xx_HAL_Driver/stm32mp1xx_hal_tim.o
                0x1000383c                HAL_TIM_Base_Init
 .text.HAL_TIM_PWM_Init
                0x10003892       0x56 ./Drivers/STM32MP1xx_HAL_Driver/stm32mp1xx_hal_tim.o
                0x10003892                HAL_TIM_PWM_Init
 .text.HAL_TIM_PWM_MspInit
                0x100038e8       0x14 ./Drivers/STM32MP1xx_HAL_Driver/stm32mp1xx_hal_tim.o
                0x100038e8                HAL_TIM_PWM_MspInit
 .text.HAL_TIM_PWM_Start_DMA
                0x100038fc      0x254 ./Drivers/STM32MP1xx_HAL_Driver/stm32mp1xx_hal_tim.o
                0x100038fc                HAL_TIM_PWM_Start_DMA
 .text.HAL_TIM_PWM_Stop_DMA
                0x10003b50      0x18c ./Drivers/STM32MP1xx_HAL_Driver/stm32mp1xx_hal_tim.o
                0x10003b50                HAL_TIM_PWM_Stop_DMA
 .text.HAL_TIM_PWM_ConfigChannel
                0x10003cdc      0x230 ./Drivers/STM32MP1xx_HAL_Driver/stm32mp1xx_hal_tim.o
                0x10003cdc                HAL_TIM_PWM_ConfigChannel
 .text.HAL_TIM_ConfigClockSource
                0x10003f0c      0x18c ./Drivers/STM32MP1xx_HAL_Driver/stm32mp1xx_hal_tim.o
                0x10003f0c                HAL_TIM_ConfigClockSource
 .text.HAL_TIM_PWM_PulseFinishedHalfCpltCallback
                0x10004098       0x14 ./Drivers/STM32MP1xx_HAL_Driver/stm32mp1xx_hal_tim.o
                0x10004098                HAL_TIM_PWM_PulseFinishedHalfCpltCallback
 .text.HAL_TIM_ErrorCallback
                0x100040ac       0x14 ./Drivers/STM32MP1xx_HAL_Driver/stm32mp1xx_hal_tim.o
                0x100040ac                HAL_TIM_ErrorCallback
 .text.TIM_DMAError
                0x100040c0       0x24 ./Drivers/STM32MP1xx_HAL_Driver/stm32mp1xx_hal_tim.o
                0x100040c0                TIM_DMAError
 .text.TIM_DMADelayPulseCplt
                0x100040e4       0x70 ./Drivers/STM32MP1xx_HAL_Driver/stm32mp1xx_hal_tim.o
                0x100040e4                TIM_DMADelayPulseCplt
 .text.TIM_DMADelayPulseHalfCplt
                0x10004154       0x70 ./Drivers/STM32MP1xx_HAL_Driver/stm32mp1xx_hal_tim.o
                0x10004154                TIM_DMADelayPulseHalfCplt
 .text.TIM_Base_SetConfig
                0x100041c4      0x130 ./Drivers/STM32MP1xx_HAL_Driver/stm32mp1xx_hal_tim.o
                0x100041c4                TIM_Base_SetConfig
 .text.TIM_OC1_SetConfig
                0x100042f4      0x11c ./Drivers/STM32MP1xx_HAL_Driver/stm32mp1xx_hal_tim.o
 .text.TIM_OC2_SetConfig
                0x10004410      0x110 ./Drivers/STM32MP1xx_HAL_Driver/stm32mp1xx_hal_tim.o
                0x10004410                TIM_OC2_SetConfig
 .text.TIM_OC3_SetConfig
                0x10004520      0x10c ./Drivers/STM32MP1xx_HAL_Driver/stm32mp1xx_hal_tim.o
 .text.TIM_OC4_SetConfig
                0x1000462c       0xd0 ./Drivers/STM32MP1xx_HAL_Driver/stm32mp1xx_hal_tim.o
 .text.TIM_OC5_SetConfig
                0x100046fc       0xc4 ./Drivers/STM32MP1xx_HAL_Driver/stm32mp1xx_hal_tim.o
 .text.TIM_OC6_SetConfig
                0x100047c0       0xc8 ./Drivers/STM32MP1xx_HAL_Driver/stm32mp1xx_hal_tim.o
 .text.TIM_TI1_ConfigInputStage
                0x10004888       0x5e ./Drivers/STM32MP1xx_HAL_Driver/stm32mp1xx_hal_tim.o
 .text.TIM_TI2_ConfigInputStage
                0x100048e6       0x60 ./Drivers/STM32MP1xx_HAL_Driver/stm32mp1xx_hal_tim.o
 .text.TIM_ITRx_SetConfig
                0x10004946       0x3a ./Drivers/STM32MP1xx_HAL_Driver/stm32mp1xx_hal_tim.o
 .text.TIM_ETR_SetConfig
                0x10004980       0x40 ./Drivers/STM32MP1xx_HAL_Driver/stm32mp1xx_hal_tim.o
                0x10004980                TIM_ETR_SetConfig
 .text.TIM_CCxChannelCmd
                0x100049c0       0x4a ./Drivers/STM32MP1xx_HAL_Driver/stm32mp1xx_hal_tim.o
                0x100049c0                TIM_CCxChannelCmd
 *fill*         0x10004a0a        0x2 
 .text.HAL_TIMEx_MasterConfigSynchronization
                0x10004a0c       0xb4 ./Drivers/STM32MP1xx_HAL_Driver/stm32mp1xx_hal_tim_ex.o
                0x10004a0c                HAL_TIMEx_MasterConfigSynchronization
 .text.SVC_Handler
                0x10004ac0       0x28 ./Middlewares/Third_Party/FreeRTOS/port.o
                0x10004ac0                SVC_Handler
 *fill*         0x10004ae8        0x8 
 .text.PendSV_Handler
                0x10004af0       0x68 ./Middlewares/Third_Party/FreeRTOS/port.o
                0x10004af0                PendSV_Handler
 .text.xPortSysTickHandler
                0x10004b58       0x44 ./Middlewares/Third_Party/FreeRTOS/port.o
                0x10004b58                xPortSysTickHandler
 .text.xTaskIncrementTick
                0x10004b9c      0x230 ./Middlewares/Third_Party/FreeRTOS/tasks.o
                0x10004b9c                xTaskIncrementTick
 .text.vTaskSwitchContext
                0x10004dcc       0xbc ./Middlewares/Third_Party/FreeRTOS/tasks.o
                0x10004dcc                vTaskSwitchContext
 .text.prvResetNextTaskUnblockTime
                0x10004e88       0x38 ./Middlewares/Third_Party/FreeRTOS/tasks.o
 .text.xTaskGetSchedulerState
                0x10004ec0       0x3c ./Middlewares/Third_Party/FreeRTOS/tasks.o
                0x10004ec0                xTaskGetSchedulerState
 .text.memset   0x10004efc       0x10 D:/Stu15/stmcubeIDE/STM32CubeIDE_2.1.1/STM32CubeIDE/plugins/com.st.stm32cube.ide.mcu.externaltools.gnu-tools-for-stm32.14.3.rel1.win32_1.0.100.202602081740/tools/bin/../lib/gcc/arm-none-eabi/14.3.1/../../../../arm-none-eabi/lib/thumb/v7e-m+fp/hard\libc_nano.a(libc_a-memset.o)
                0x10004efc                memset
 .text.__libc_init_array
                0x10004f0c       0x48 D:/Stu15/stmcubeIDE/STM32CubeIDE_2.1.1/STM32CubeIDE/plugins/com.st.stm32cube.ide.mcu.externaltools.gnu-tools-for-stm32.14.3.rel1.win32_1.0.100.202602081740/tools/bin/../lib/gcc/arm-none-eabi/14.3.1/../../../../arm-none-eabi/lib/thumb/v7e-m+fp/hard\libc_nano.a(libc_a-init.o)
                0x10004f0c                __libc_init_array
 *(.glue_7)
 .glue_7        0x10004f54        0x0 linker stubs
 *(.glue_7t)
 .glue_7t       0x10004f54        0x0 linker stubs
 *(.eh_frame)
 .eh_frame      0x10004f54        0x0 D:/Stu15/stmcubeIDE/STM32CubeIDE_2.1.1/STM32CubeIDE/plugins/com.st.stm32cube.ide.mcu.externaltools.gnu-tools-for-stm32.14.3.rel1.win32_1.0.100.202602081740/tools/bin/../lib/gcc/arm-none-eabi/14.3.1/thumb/v7e-m+fp/hard/crtbegin.o
 *(.init)
 .init          0x10004f54        0x4 D:/Stu15/stmcubeIDE/STM32CubeIDE_2.1.1/STM32CubeIDE/plugins/com.st.stm32cube.ide.mcu.externaltools.gnu-tools-for-stm32.14.3.rel1.win32_1.0.100.202602081740/tools/bin/../lib/gcc/arm-none-eabi/14.3.1/thumb/v7e-m+fp/hard/crti.o
                0x10004f54                _init
 .init          0x10004f58        0x8 D:/Stu15/stmcubeIDE/STM32CubeIDE_2.1.1/STM32CubeIDE/plugins/com.st.stm32cube.ide.mcu.externaltools.gnu-tools-for-stm32.14.3.rel1.win32_1.0.100.202602081740/tools/bin/../lib/gcc/arm-none-eabi/14.3.1/thumb/v7e-m+fp/hard/crtn.o
 *(.fini)
 .fini          0x10004f60        0x4 D:/Stu15/stmcubeIDE/STM32CubeIDE_2.1.1/STM32CubeIDE/plugins/com.st.stm32cube.ide.mcu.externaltools.gnu-tools-for-stm32.14.3.rel1.win32_1.0.100.202602081740/tools/bin/../lib/gcc/arm-none-eabi/14.3.1/thumb/v7e-m+fp/hard/crti.o
                0x10004f60                _fini
 .fini          0x10004f64        0x8 D:/Stu15/stmcubeIDE/STM32CubeIDE_2.1.1/STM32CubeIDE/plugins/com.st.stm32cube.ide.mcu.externaltools.gnu-tools-for-stm32.14.3.rel1.win32_1.0.100.202602081740/tools/bin/../lib/gcc/arm-none-eabi/14.3.1/thumb/v7e-m+fp/hard/crtn.o
                0x10004f6c                        . = ALIGN (0x4)
                0x10004f6c                        _etext = .

.vfp11_veneer   0x10004f6c        0x0
 .vfp11_veneer  0x10004f6c        0x0 linker stubs

.v4_bx          0x10004f6c        0x0
 .v4_bx         0x10004f6c        0x0 linker stubs

.iplt           0x10004f6c        0x0
 .iplt          0x10004f6c        0x0 D:/Stu15/stmcubeIDE/STM32CubeIDE_2.1.1/STM32CubeIDE/plugins/com.st.stm32cube.ide.mcu.externaltools.gnu-tools-for-stm32.14.3.rel1.win32_1.0.100.202602081740/tools/bin/../lib/gcc/arm-none-eabi/14.3.1/thumb/v7e-m+fp/hard/crtbegin.o

.startup_copro_fw.Reset_Handler
                0x10004f6c       0x50
 .startup_copro_fw.Reset_Handler
                0x10004f6c       0x50 ./Core/Startup/startup_stm32mp157daax.o
                0x10004f6c                Reset_Handler

.rodata         0x10004fbc        0x8
                0x10004fbc                        . = ALIGN (0x4)
 *(.rodata)
 *(.rodata*)
 .rodata.flagBitshiftOffset.0
                0x10004fbc        0x8 ./Drivers/STM32MP1xx_HAL_Driver/stm32mp1xx_hal_dma.o
                0x10004fc4                        . = ALIGN (0x4)

.ARM.extab      0x10004fc4        0x0
                0x10004fc4                        . = ALIGN (0x4)
 *(.ARM.extab* .gnu.linkonce.armextab.*)
                0x10004fc4                        . = ALIGN (0x4)

.ARM            0x10004fc4        0x0
                0x10004fc4                        . = ALIGN (0x4)
                0x10004fc4                        __exidx_start = .
 *(.ARM.exidx*)
                0x10004fc4                        __exidx_end = .
                0x10004fc4                        . = ALIGN (0x4)

.preinit_array  0x10004fc4        0x0
                0x10004fc4                        . = ALIGN (0x4)
                0x10004fc4                        PROVIDE (__preinit_array_start = .)
 *(.preinit_array*)
                0x10004fc4                        PROVIDE (__preinit_array_end = .)
                0x10004fc4                        . = ALIGN (0x4)

.init_array     0x10004fc4        0x4
                0x10004fc4                        . = ALIGN (0x4)
                0x10004fc4                        PROVIDE (__init_array_start = .)
 *(SORT_BY_NAME(.init_array.*))
 *(.init_array*)
 .init_array    0x10004fc4        0x4 D:/Stu15/stmcubeIDE/STM32CubeIDE_2.1.1/STM32CubeIDE/plugins/com.st.stm32cube.ide.mcu.externaltools.gnu-tools-for-stm32.14.3.rel1.win32_1.0.100.202602081740/tools/bin/../lib/gcc/arm-none-eabi/14.3.1/thumb/v7e-m+fp/hard/crtbegin.o
                0x10004fc8                        PROVIDE (__init_array_end = .)
                0x10004fc8                        . = ALIGN (0x4)

.fini_array     0x10004fc8        0x4
                0x10004fc8                        . = ALIGN (0x4)
                [!provide]                        PROVIDE (__fini_array_start = .)
 *(SORT_BY_NAME(.fini_array.*))
 *(.fini_array*)
 .fini_array    0x10004fc8        0x4 D:/Stu15/stmcubeIDE/STM32CubeIDE_2.1.1/STM32CubeIDE/plugins/com.st.stm32cube.ide.mcu.externaltools.gnu-tools-for-stm32.14.3.rel1.win32_1.0.100.202602081740/tools/bin/../lib/gcc/arm-none-eabi/14.3.1/thumb/v7e-m+fp/hard/crtbegin.o
                [!provide]                        PROVIDE (__fini_array_end = .)
                0x10004fcc                        . = ALIGN (0x4)
                0x10004fcc                        __DATA_ROM = .
                0x10004fcc                        _sidata = LOADADDR (.data)

.data           0x10020000       0x10 load address 0x10004fcc
                0x10020000                        . = ALIGN (0x4)
                0x10020000                        _sdata = .
 *(.data)
 *(.data*)
 .data.SystemCoreClock
                0x10020000        0x4 ./Common/System/system_stm32mp1xx.o
                0x10020000                SystemCoreClock
 .data.ws2812b_dma_done
                0x10020004        0x1 ./Core/Src/ws2812b.o
                0x10020004                ws2812b_dma_done
 *fill*         0x10020005        0x3 
 .data.uwTickPrio
                0x10020008        0x4 ./Drivers/STM32MP1xx_HAL_Driver/stm32mp1xx_hal.o
                0x10020008                uwTickPrio
 .data.uwTickFreq
                0x1002000c        0x1 ./Drivers/STM32MP1xx_HAL_Driver/stm32mp1xx_hal.o
                0x1002000c                uwTickFreq
                0x10020010                        . = ALIGN (0x4)
 *fill*         0x1002000d        0x3 
                0x10020010                        _edata = .
                0x10004fdc                        __DATA_END = (__DATA_ROM + (_edata - _sdata))
                0x10020000                        text_end = (ORIGIN (m_text) + LENGTH (m_text))
                0x00000001                        ASSERT ((__DATA_END <= text_end), region m_text overflowed with text and data)

.igot.plt       0x10020010        0x0 load address 0x10004fdc
 .igot.plt      0x10020010        0x0 D:/Stu15/stmcubeIDE/STM32CubeIDE_2.1.1/STM32CubeIDE/plugins/com.st.stm32cube.ide.mcu.externaltools.gnu-tools-for-stm32.14.3.rel1.win32_1.0.100.202602081740/tools/bin/../lib/gcc/arm-none-eabi/14.3.1/thumb/v7e-m+fp/hard/crtbegin.o

.resource_table
                0x10020010       0x8c load address 0x10004fdc
                0x10020010                        . = ALIGN (0x4)
 *(.resource_table*)
 .resource_table
                0x10020010       0x8c ./OPENAMP/rsc_table.o
                0x10020010                resource_table
                0x1002009c                        . = ALIGN (0x4)

.rel.dyn        0x1002009c        0x0 load address 0x10005068
 .rel.iplt      0x1002009c        0x0 D:/Stu15/stmcubeIDE/STM32CubeIDE_2.1.1/STM32CubeIDE/plugins/com.st.stm32cube.ide.mcu.externaltools.gnu-tools-for-stm32.14.3.rel1.win32_1.0.100.202602081740/tools/bin/../lib/gcc/arm-none-eabi/14.3.1/thumb/v7e-m+fp/hard/crtbegin.o
                0x1002009c                        . = ALIGN (0x4)

.bss            0x1002009c      0xb74 load address 0x10005068
                0x1002009c                        _sbss = .
                0x1002009c                        __bss_start__ = _sbss
 *(.bss)
 .bss           0x1002009c       0x1c D:/Stu15/stmcubeIDE/STM32CubeIDE_2.1.1/STM32CubeIDE/plugins/com.st.stm32cube.ide.mcu.externaltools.gnu-tools-for-stm32.14.3.rel1.win32_1.0.100.202602081740/tools/bin/../lib/gcc/arm-none-eabi/14.3.1/thumb/v7e-m+fp/hard/crtbegin.o
 *(.bss*)
 .bss.hipcc     0x100200b8       0x3c ./Core/Src/ipcc.o
                0x100200b8                hipcc
 .bss.htim2     0x100200f4       0x40 ./Core/Src/tim.o
                0x100200f4                htim2
 .bss.hdma_tim2_ch3
                0x10020134       0x78 ./Core/Src/tim.o
                0x10020134                hdma_tim2_ch3
 .bss.ws2812b_buffer
                0x100201ac      0x5c0 ./Core/Src/ws2812b.o
 .bss.ws2812b_tx_count
                0x1002076c        0x4 ./Core/Src/ws2812b.o
                0x1002076c                ws2812b_tx_count
 .bss.ws2812b_dma_done_count
                0x10020770        0x4 ./Core/Src/ws2812b.o
                0x10020770                ws2812b_dma_done_count
 .bss.ws2812b_timeout_count
                0x10020774        0x4 ./Core/Src/ws2812b.o
                0x10020774                ws2812b_timeout_count
 .bss.ws2812b_start_fail_count
                0x10020778        0x4 ./Core/Src/ws2812b.o
                0x10020778                ws2812b_start_fail_count
 .bss.ws2812b_last_status
                0x1002077c        0x1 ./Core/Src/ws2812b.o
                0x1002077c                ws2812b_last_status
 .bss.color_offset.0
                0x1002077d        0x1 ./Core/Src/ws2812b.o
 *fill*         0x1002077e        0x2 
 .bss.uwTick    0x10020780        0x4 ./Drivers/STM32MP1xx_HAL_Driver/stm32mp1xx_hal.o
                0x10020780                uwTick
 .bss.pxCurrentTCB
                0x10020784        0x4 ./Middlewares/Third_Party/FreeRTOS/tasks.o
                0x10020784                pxCurrentTCB
 .bss.pxReadyTasksLists
                0x10020788      0x460 ./Middlewares/Third_Party/FreeRTOS/tasks.o
 .bss.pxDelayedTaskList
                0x10020be8        0x4 ./Middlewares/Third_Party/FreeRTOS/tasks.o
 .bss.pxOverflowDelayedTaskList
                0x10020bec        0x4 ./Middlewares/Third_Party/FreeRTOS/tasks.o
 .bss.xTickCount
                0x10020bf0        0x4 ./Middlewares/Third_Party/FreeRTOS/tasks.o
 .bss.uxTopReadyPriority
                0x10020bf4        0x4 ./Middlewares/Third_Party/FreeRTOS/tasks.o
 .bss.xSchedulerRunning
                0x10020bf8        0x4 ./Middlewares/Third_Party/FreeRTOS/tasks.o
 .bss.xPendedTicks
                0x10020bfc        0x4 ./Middlewares/Third_Party/FreeRTOS/tasks.o
 .bss.xYieldPending
                0x10020c00        0x4 ./Middlewares/Third_Party/FreeRTOS/tasks.o
 .bss.xNumOfOverflows
                0x10020c04        0x4 ./Middlewares/Third_Party/FreeRTOS/tasks.o
 .bss.xNextTaskUnblockTime
                0x10020c08        0x4 ./Middlewares/Third_Party/FreeRTOS/tasks.o
 .bss.uxSchedulerSuspended
                0x10020c0c        0x4 ./Middlewares/Third_Party/FreeRTOS/tasks.o
 *(COMMON)
                0x10020c10                        . = ALIGN (0x4)
                0x10020c10                        _ebss = .
                0x10020c10                        __bss_end__ = _ebss

._user_heap_stack
                0x10020c10      0x600 load address 0x10005bdc
                0x10020c10                        . = ALIGN (0x8)
                [!provide]                        PROVIDE (end = .)
                0x10020c10                        PROVIDE (_end = .)
                0x10020e10                        . = (. + _Min_Heap_Size)
 *fill*         0x10020c10      0x200 
                0x10021210                        . = (. + _Min_Stack_Size)
 *fill*         0x10020e10      0x400 
                0x10021210                        . = ALIGN (0x8)

/DISCARD/
 libc.a(*)
 libm.a(*)
 libgcc.a(*)

.ARM.attributes
                0x00000000       0x30
 *(.ARM.attributes)
 .ARM.attributes
                0x00000000       0x22 D:/Stu15/stmcubeIDE/STM32CubeIDE_2.1.1/STM32CubeIDE/plugins/com.st.stm32cube.ide.mcu.externaltools.gnu-tools-for-stm32.14.3.rel1.win32_1.0.100.202602081740/tools/bin/../lib/gcc/arm-none-eabi/14.3.1/thumb/v7e-m+fp/hard/crti.o
 .ARM.attributes
                0x00000022       0x34 D:/Stu15/stmcubeIDE/STM32CubeIDE_2.1.1/STM32CubeIDE/plugins/com.st.stm32cube.ide.mcu.externaltools.gnu-tools-for-stm32.14.3.rel1.win32_1.0.100.202602081740/tools/bin/../lib/gcc/arm-none-eabi/14.3.1/thumb/v7e-m+fp/hard/crtbegin.o
 .ARM.attributes
                0x00000056       0x34 ./Common/System/system_stm32mp1xx.o
 .ARM.attributes
                0x0000008a       0x34 ./Core/Src/dma.o
 .ARM.attributes
                0x000000be       0x34 ./Core/Src/gpio.o
 .ARM.attributes
                0x000000f2       0x34 ./Core/Src/ipcc.o
 .ARM.attributes
                0x00000126       0x34 ./Core/Src/main.o
 .ARM.attributes
                0x0000015a       0x34 ./Core/Src/stm32mp1xx_hal_msp.o
 .ARM.attributes
                0x0000018e       0x34 ./Core/Src/stm32mp1xx_it.o
 .ARM.attributes
                0x000001c2       0x34 ./Core/Src/tim.o
 .ARM.attributes
                0x000001f6       0x34 ./Core/Src/ws2812b.o
 .ARM.attributes
                0x0000022a       0x21 ./Core/Startup/startup_stm32mp157daax.o
 .ARM.attributes
                0x0000024b       0x34 ./Drivers/STM32MP1xx_HAL_Driver/stm32mp1xx_hal.o
 .ARM.attributes
                0x0000027f       0x34 ./Drivers/STM32MP1xx_HAL_Driver/stm32mp1xx_hal_cortex.o
 .ARM.attributes
                0x000002b3       0x34 ./Drivers/STM32MP1xx_HAL_Driver/stm32mp1xx_hal_dma.o
 .ARM.attributes
                0x000002e7       0x34 ./Drivers/STM32MP1xx_HAL_Driver/stm32mp1xx_hal_gpio.o
 .ARM.attributes
                0x0000031b       0x34 ./Drivers/STM32MP1xx_HAL_Driver/stm32mp1xx_hal_ipcc.o
 .ARM.attributes
                0x0000034f       0x34 ./Drivers/STM32MP1xx_HAL_Driver/stm32mp1xx_hal_rcc.o
 .ARM.attributes
                0x00000383       0x34 ./Drivers/STM32MP1xx_HAL_Driver/stm32mp1xx_hal_rcc_ex.o
 .ARM.attributes
                0x000003b7       0x34 ./Drivers/STM32MP1xx_HAL_Driver/stm32mp1xx_hal_tim.o
 .ARM.attributes
                0x000003eb       0x34 ./Drivers/STM32MP1xx_HAL_Driver/stm32mp1xx_hal_tim_ex.o
 .ARM.attributes
                0x0000041f       0x34 ./Middlewares/Third_Party/FreeRTOS/port.o
 .ARM.attributes
                0x00000453       0x34 ./Middlewares/Third_Party/FreeRTOS/tasks.o
 .ARM.attributes
                0x00000487       0x34 ./OPENAMP/rsc_table.o
 .ARM.attributes
                0x000004bb       0x34 D:/Stu15/stmcubeIDE/STM32CubeIDE_2.1.1/STM32CubeIDE/plugins/com.st.stm32cube.ide.mcu.externaltools.gnu-tools-for-stm32.14.3.rel1.win32_1.0.100.202602081740/tools/bin/../lib/gcc/arm-none-eabi/14.3.1/../../../../arm-none-eabi/lib/thumb/v7e-m+fp/hard\libc_nano.a(libc_a-memset.o)
 .ARM.attributes
                0x000004ef       0x34 D:/Stu15/stmcubeIDE/STM32CubeIDE_2.1.1/STM32CubeIDE/plugins/com.st.stm32cube.ide.mcu.externaltools.gnu-tools-for-stm32.14.3.rel1.win32_1.0.100.202602081740/tools/bin/../lib/gcc/arm-none-eabi/14.3.1/../../../../arm-none-eabi/lib/thumb/v7e-m+fp/hard\libc_nano.a(libc_a-init.o)
 .ARM.attributes
                0x00000523       0x22 D:/Stu15/stmcubeIDE/STM32CubeIDE_2.1.1/STM32CubeIDE/plugins/com.st.stm32cube.ide.mcu.externaltools.gnu-tools-for-stm32.14.3.rel1.win32_1.0.100.202602081740/tools/bin/../lib/gcc/arm-none-eabi/14.3.1/thumb/v7e-m+fp/hard/crtn.o
OUTPUT(RPMsg_TEST_CM4.elf elf32-littlearm)
LOAD linker stubs
LOAD D:/Stu15/stmcubeIDE/STM32CubeIDE_2.1.1/STM32CubeIDE/plugins/com.st.stm32cube.ide.mcu.externaltools.gnu-tools-for-stm32.14.3.rel1.win32_1.0.100.202602081740/tools/bin/../lib/gcc/arm-none-eabi/14.3.1/../../../../arm-none-eabi/lib/thumb/v7e-m+fp/hard\libc.a
LOAD D:/Stu15/stmcubeIDE/STM32CubeIDE_2.1.1/STM32CubeIDE/plugins/com.st.stm32cube.ide.mcu.externaltools.gnu-tools-for-stm32.14.3.rel1.win32_1.0.100.202602081740/tools/bin/../lib/gcc/arm-none-eabi/14.3.1/../../../../arm-none-eabi/lib/thumb/v7e-m+fp/hard\libm.a
LOAD D:/Stu15/stmcubeIDE/STM32CubeIDE_2.1.1/STM32CubeIDE/plugins/com.st.stm32cube.ide.mcu.externaltools.gnu-tools-for-stm32.14.3.rel1.win32_1.0.100.202602081740/tools/bin/../lib/gcc/arm-none-eabi/14.3.1/thumb/v7e-m+fp/hard\libgcc.a

.debug_info     0x00000000    0x179b1
 .debug_info    0x00000000     0x1144 ./Common/System/system_stm32mp1xx.o
 .debug_info    0x00001144     0x1228 ./Core/Src/dma.o
 .debug_info    0x0000236c     0x1082 ./Core/Src/gpio.o
 .debug_info    0x000033ee     0x148d ./Core/Src/ipcc.o
 .debug_info    0x0000487b      0x61a ./Core/Src/main.o
 .debug_info    0x00004e95     0x1228 ./Core/Src/stm32mp1xx_hal_msp.o
 .debug_info    0x000060bd      0x758 ./Core/Src/stm32mp1xx_it.o
 .debug_info    0x00006815     0x1b5d ./Core/Src/tim.o
 .debug_info    0x00008372     0x1d67 ./Core/Src/ws2812b.o
 .debug_info    0x0000a0d9       0x30 ./Core/Startup/startup_stm32mp157daax.o
 .debug_info    0x0000a109      0xdc5 ./Drivers/STM32MP1xx_HAL_Driver/stm32mp1xx_hal.o
 .debug_info    0x0000aece      0xe57 ./Drivers/STM32MP1xx_HAL_Driver/stm32mp1xx_hal_cortex.o
 .debug_info    0x0000bd25      0xab4 ./Drivers/STM32MP1xx_HAL_Driver/stm32mp1xx_hal_dma.o
 .debug_info    0x0000c7d9      0x93d ./Drivers/STM32MP1xx_HAL_Driver/stm32mp1xx_hal_gpio.o
 .debug_info    0x0000d116      0x7fe ./Drivers/STM32MP1xx_HAL_Driver/stm32mp1xx_hal_ipcc.o
 .debug_info    0x0000d914     0x1b57 ./Drivers/STM32MP1xx_HAL_Driver/stm32mp1xx_hal_rcc.o
 .debug_info    0x0000f46b     0x1691 ./Drivers/STM32MP1xx_HAL_Driver/stm32mp1xx_hal_rcc_ex.o
 .debug_info    0x00010afc     0x2868 ./Drivers/STM32MP1xx_HAL_Driver/stm32mp1xx_hal_tim.o
 .debug_info    0x00013364     0x162e ./Drivers/STM32MP1xx_HAL_Driver/stm32mp1xx_hal_tim_ex.o
 .debug_info    0x00014992      0x50d ./Middlewares/Third_Party/FreeRTOS/port.o
 .debug_info    0x00014e9f     0x27dd ./Middlewares/Third_Party/FreeRTOS/tasks.o
 .debug_info    0x0001767c      0x335 ./OPENAMP/rsc_table.o

.debug_abbrev   0x00000000     0x2d9a
 .debug_abbrev  0x00000000      0x128 ./Common/System/system_stm32mp1xx.o
 .debug_abbrev  0x00000128       0xf6 ./Core/Src/dma.o
 .debug_abbrev  0x0000021e      0x14f ./Core/Src/gpio.o
 .debug_abbrev  0x0000036d      0x1d4 ./Core/Src/ipcc.o
 .debug_abbrev  0x00000541      0x27b ./Core/Src/main.o
 .debug_abbrev  0x000007bc       0xf6 ./Core/Src/stm32mp1xx_hal_msp.o
 .debug_abbrev  0x000008b2      0x1e2 ./Core/Src/stm32mp1xx_it.o
 .debug_abbrev  0x00000a94      0x222 ./Core/Src/tim.o
 .debug_abbrev  0x00000cb6      0x2ba ./Core/Src/ws2812b.o
 .debug_abbrev  0x00000f70       0x24 ./Core/Startup/startup_stm32mp157daax.o
 .debug_abbrev  0x00000f94      0x29d ./Drivers/STM32MP1xx_HAL_Driver/stm32mp1xx_hal.o
 .debug_abbrev  0x00001231      0x339 ./Drivers/STM32MP1xx_HAL_Driver/stm32mp1xx_hal_cortex.o
 .debug_abbrev  0x0000156a      0x25e ./Drivers/STM32MP1xx_HAL_Driver/stm32mp1xx_hal_dma.o
 .debug_abbrev  0x000017c8      0x1ee ./Drivers/STM32MP1xx_HAL_Driver/stm32mp1xx_hal_gpio.o
 .debug_abbrev  0x000019b6      0x283 ./Drivers/STM32MP1xx_HAL_Driver/stm32mp1xx_hal_ipcc.o
 .debug_abbrev  0x00001c39      0x2b6 ./Drivers/STM32MP1xx_HAL_Driver/stm32mp1xx_hal_rcc.o
 .debug_abbrev  0x00001eef      0x264 ./Drivers/STM32MP1xx_HAL_Driver/stm32mp1xx_hal_rcc_ex.o
 .debug_abbrev  0x00002153      0x292 ./Drivers/STM32MP1xx_HAL_Driver/stm32mp1xx_hal_tim.o
 .debug_abbrev  0x000023e5      0x297 ./Drivers/STM32MP1xx_HAL_Driver/stm32mp1xx_hal_tim_ex.o
 .debug_abbrev  0x0000267c      0x25a ./Middlewares/Third_Party/FreeRTOS/port.o
 .debug_abbrev  0x000028d6      0x385 ./Middlewares/Third_Party/FreeRTOS/tasks.o
 .debug_abbrev  0x00002c5b      0x13f ./OPENAMP/rsc_table.o

.debug_aranges  0x00000000     0x1010
 .debug_aranges
                0x00000000       0x28 ./Common/System/system_stm32mp1xx.o
 .debug_aranges
                0x00000028       0x20 ./Core/Src/dma.o
 .debug_aranges
                0x00000048       0x20 ./Core/Src/gpio.o
 .debug_aranges
                0x00000068       0x30 ./Core/Src/ipcc.o
 .debug_aranges
                0x00000098       0x38 ./Core/Src/main.o
 .debug_aranges
                0x000000d0       0x20 ./Core/Src/stm32mp1xx_hal_msp.o
 .debug_aranges
                0x000000f0       0x70 ./Core/Src/stm32mp1xx_it.o
 .debug_aranges
                0x00000160       0x38 ./Core/Src/tim.o
 .debug_aranges
                0x00000198       0x88 ./Core/Src/ws2812b.o
 .debug_aranges
                0x00000220       0x28 ./Core/Startup/startup_stm32mp157daax.o
 .debug_aranges
                0x00000248      0x178 ./Drivers/STM32MP1xx_HAL_Driver/stm32mp1xx_hal.o
 .debug_aranges
                0x000003c0      0x100 ./Drivers/STM32MP1xx_HAL_Driver/stm32mp1xx_hal_cortex.o
 .debug_aranges
                0x000004c0       0xa0 ./Drivers/STM32MP1xx_HAL_Driver/stm32mp1xx_hal_dma.o
 .debug_aranges
                0x00000560       0x60 ./Drivers/STM32MP1xx_HAL_Driver/stm32mp1xx_hal_gpio.o
 .debug_aranges
                0x000005c0       0xa0 ./Drivers/STM32MP1xx_HAL_Driver/stm32mp1xx_hal_ipcc.o
 .debug_aranges
                0x00000660      0x160 ./Drivers/STM32MP1xx_HAL_Driver/stm32mp1xx_hal_rcc.o
 .debug_aranges
                0x000007c0       0x58 ./Drivers/STM32MP1xx_HAL_Driver/stm32mp1xx_hal_rcc_ex.o
 .debug_aranges
                0x00000818      0x3c8 ./Drivers/STM32MP1xx_HAL_Driver/stm32mp1xx_hal_tim.o
 .debug_aranges
                0x00000be0      0x180 ./Drivers/STM32MP1xx_HAL_Driver/stm32mp1xx_hal_tim_ex.o
 .debug_aranges
                0x00000d60       0x80 ./Middlewares/Third_Party/FreeRTOS/port.o
 .debug_aranges
                0x00000de0      0x210 ./Middlewares/Third_Party/FreeRTOS/tasks.o
 .debug_aranges
                0x00000ff0       0x20 ./OPENAMP/rsc_table.o

.debug_rnglists
                0x00000000      0xc3d
 .debug_rnglists
                0x00000000       0x1a ./Common/System/system_stm32mp1xx.o
 .debug_rnglists
                0x0000001a       0x13 ./Core/Src/dma.o
 .debug_rnglists
                0x0000002d       0x14 ./Core/Src/gpio.o
 .debug_rnglists
                0x00000041       0x1f ./Core/Src/ipcc.o
 .debug_rnglists
                0x00000060       0x27 ./Core/Src/main.o
 .debug_rnglists
                0x00000087       0x13 ./Core/Src/stm32mp1xx_hal_msp.o
 .debug_rnglists
                0x0000009a       0x4f ./Core/Src/stm32mp1xx_it.o
 .debug_rnglists
                0x000000e9       0x27 ./Core/Src/tim.o
 .debug_rnglists
                0x00000110       0x64 ./Core/Src/ws2812b.o
 .debug_rnglists
                0x00000174       0x19 ./Core/Startup/startup_stm32mp157daax.o
 .debug_rnglists
                0x0000018d      0x115 ./Drivers/STM32MP1xx_HAL_Driver/stm32mp1xx_hal.o
 .debug_rnglists
                0x000002a2       0xbc ./Drivers/STM32MP1xx_HAL_Driver/stm32mp1xx_hal_cortex.o
 .debug_rnglists
                0x0000035e       0x7e ./Drivers/STM32MP1xx_HAL_Driver/stm32mp1xx_hal_dma.o
 .debug_rnglists
                0x000003dc       0x45 ./Drivers/STM32MP1xx_HAL_Driver/stm32mp1xx_hal_gpio.o
 .debug_rnglists
                0x00000421       0x78 ./Drivers/STM32MP1xx_HAL_Driver/stm32mp1xx_hal_ipcc.o
 .debug_rnglists
                0x00000499      0x114 ./Drivers/STM32MP1xx_HAL_Driver/stm32mp1xx_hal_rcc.o
 .debug_rnglists
                0x000005ad       0x43 ./Drivers/STM32MP1xx_HAL_Driver/stm32mp1xx_hal_rcc_ex.o
 .debug_rnglists
                0x000005f0      0x303 ./Drivers/STM32MP1xx_HAL_Driver/stm32mp1xx_hal_tim.o
 .debug_rnglists
                0x000008f3      0x131 ./Drivers/STM32MP1xx_HAL_Driver/stm32mp1xx_hal_tim_ex.o
 .debug_rnglists
                0x00000a24       0x5d ./Middlewares/Third_Party/FreeRTOS/port.o
 .debug_rnglists
                0x00000a81      0x1a9 ./Middlewares/Third_Party/FreeRTOS/tasks.o
 .debug_rnglists
                0x00000c2a       0x13 ./OPENAMP/rsc_table.o

.debug_macro    0x00000000    0x45f67
 .debug_macro   0x00000000      0x1d3 ./Common/System/system_stm32mp1xx.o
 .debug_macro   0x000001d3      0xaf6 ./Common/System/system_stm32mp1xx.o
 .debug_macro   0x00000cc9       0xec ./Common/System/system_stm32mp1xx.o
 .debug_macro   0x00000db5       0x2e ./Common/System/system_stm32mp1xx.o
 .debug_macro   0x00000de3       0x3a ./Common/System/system_stm32mp1xx.o
 .debug_macro   0x00000e1d       0x22 ./Common/System/system_stm32mp1xx.o
 .debug_macro   0x00000e3f       0x8e ./Common/System/system_stm32mp1xx.o
 .debug_macro   0x00000ecd       0x51 ./Common/System/system_stm32mp1xx.o
 .debug_macro   0x00000f1e      0x103 ./Common/System/system_stm32mp1xx.o
 .debug_macro   0x00001021       0x6a ./Common/System/system_stm32mp1xx.o
 .debug_macro   0x0000108b      0x1df ./Common/System/system_stm32mp1xx.o
 .debug_macro   0x0000126a       0x1c ./Common/System/system_stm32mp1xx.o
 .debug_macro   0x00001286       0x22 ./Common/System/system_stm32mp1xx.o
 .debug_macro   0x000012a8       0xfb ./Common/System/system_stm32mp1xx.o
 .debug_macro   0x000013a3     0x1011 ./Common/System/system_stm32mp1xx.o
 .debug_macro   0x000023b4      0x11f ./Common/System/system_stm32mp1xx.o
 .debug_macro   0x000024d3    0x3b613 ./Common/System/system_stm32mp1xx.o
 .debug_macro   0x0003dae6       0x43 ./Common/System/system_stm32mp1xx.o
 .debug_macro   0x0003db29      0x190 ./Common/System/system_stm32mp1xx.o
 .debug_macro   0x0003dcb9       0x61 ./Common/System/system_stm32mp1xx.o
 .debug_macro   0x0003dd1a     0x1d00 ./Common/System/system_stm32mp1xx.o
 .debug_macro   0x0003fa1a      0x9b1 ./Common/System/system_stm32mp1xx.o
 .debug_macro   0x000403cb       0x2e ./Common/System/system_stm32mp1xx.o
 .debug_macro   0x000403f9      0x33a ./Common/System/system_stm32mp1xx.o
 .debug_macro   0x00040733      0x13a ./Common/System/system_stm32mp1xx.o
 .debug_macro   0x0004086d      0x2f2 ./Common/System/system_stm32mp1xx.o
 .debug_macro   0x00040b5f       0x27 ./Common/System/system_stm32mp1xx.o
 .debug_macro   0x00040b86       0x4a ./Common/System/system_stm32mp1xx.o
 .debug_macro   0x00040bd0      0x558 ./Common/System/system_stm32mp1xx.o
 .debug_macro   0x00041128       0xe0 ./Common/System/system_stm32mp1xx.o
 .debug_macro   0x00041208       0x66 ./Common/System/system_stm32mp1xx.o
 .debug_macro   0x0004126e      0x3c9 ./Common/System/system_stm32mp1xx.o
 .debug_macro   0x00041637      0x227 ./Common/System/system_stm32mp1xx.o
 .debug_macro   0x0004185e       0x4a ./Common/System/system_stm32mp1xx.o
 .debug_macro   0x000418a8      0x152 ./Common/System/system_stm32mp1xx.o
 .debug_macro   0x000419fa      0x1f9 ./Common/System/system_stm32mp1xx.o
 .debug_macro   0x00041bf3       0x19 ./Common/System/system_stm32mp1xx.o
 .debug_macro   0x00041c0c      0xa21 ./Common/System/system_stm32mp1xx.o
 .debug_macro   0x0004262d      0x27b ./Common/System/system_stm32mp1xx.o
 .debug_macro   0x000428a8      0x64d ./Common/System/system_stm32mp1xx.o
 .debug_macro   0x00042ef5       0xa6 ./Common/System/system_stm32mp1xx.o
 .debug_macro   0x00042f9b      0x521 ./Common/System/system_stm32mp1xx.o
 .debug_macro   0x000434bc      0x1e6 ./Core/Src/dma.o
 .debug_macro   0x000436a2       0x1c ./Core/Src/dma.o
 .debug_macro   0x000436be      0x1e6 ./Core/Src/gpio.o
 .debug_macro   0x000438a4      0x1e6 ./Core/Src/ipcc.o
 .debug_macro   0x00043a8a      0x207 ./Core/Src/main.o
 .debug_macro   0x00043c91       0x16 ./Core/Src/main.o
 .debug_macro   0x00043ca7      0x1dc ./Core/Src/stm32mp1xx_hal_msp.o
 .debug_macro   0x00043e83      0x25d ./Core/Src/stm32mp1xx_it.o
 .debug_macro   0x000440e0      0x17b ./Core/Src/stm32mp1xx_it.o
 .debug_macro   0x0004425b      0x1e6 ./Core/Src/tim.o
 .debug_macro   0x00044441      0x213 ./Core/Src/ws2812b.o
 .debug_macro   0x00044654       0x10 ./Core/Src/ws2812b.o
 .debug_macro   0x00044664      0x1fd ./Drivers/STM32MP1xx_HAL_Driver/stm32mp1xx_hal.o
 .debug_macro   0x00044861      0x1cd ./Drivers/STM32MP1xx_HAL_Driver/stm32mp1xx_hal_cortex.o
 .debug_macro   0x00044a2e      0x1d9 ./Drivers/STM32MP1xx_HAL_Driver/stm32mp1xx_hal_dma.o
 .debug_macro   0x00044c07      0x202 ./Drivers/STM32MP1xx_HAL_Driver/stm32mp1xx_hal_gpio.o
 .debug_macro   0x00044e09      0x1df ./Drivers/STM32MP1xx_HAL_Driver/stm32mp1xx_hal_ipcc.o
 .debug_macro   0x00044fe8      0x1d9 ./Drivers/STM32MP1xx_HAL_Driver/stm32mp1xx_hal_rcc.o
 .debug_macro   0x000451c1      0x1d3 ./Drivers/STM32MP1xx_HAL_Driver/stm32mp1xx_hal_rcc_ex.o
 .debug_macro   0x00045394      0x1ce ./Drivers/STM32MP1xx_HAL_Driver/stm32mp1xx_hal_tim.o
 .debug_macro   0x00045562      0x1d3 ./Drivers/STM32MP1xx_HAL_Driver/stm32mp1xx_hal_tim_ex.o
 .debug_macro   0x00045735      0x1b7 ./Middlewares/Third_Party/FreeRTOS/port.o
 .debug_macro   0x000458ec      0x28e ./Middlewares/Third_Party/FreeRTOS/tasks.o
 .debug_macro   0x00045b7a       0x17 ./Middlewares/Third_Party/FreeRTOS/tasks.o
 .debug_macro   0x00045b91      0x3d6 ./OPENAMP/rsc_table.o

.debug_line     0x00000000    0x14448
 .debug_line    0x00000000      0x8fa ./Common/System/system_stm32mp1xx.o
 .debug_line    0x000008fa      0x7fa ./Core/Src/dma.o
 .debug_line    0x000010f4      0x81a ./Core/Src/gpio.o
 .debug_line    0x0000190e      0x845 ./Core/Src/ipcc.o
 .debug_line    0x00002153      0x8e2 ./Core/Src/main.o
 .debug_line    0x00002a35      0x805 ./Core/Src/stm32mp1xx_hal_msp.o
 .debug_line    0x0000323a      0x9fc ./Core/Src/stm32mp1xx_it.o
 .debug_line    0x00003c36      0x8f7 ./Core/Src/tim.o
 .debug_line    0x0000452d      0xadc ./Core/Src/ws2812b.o
 .debug_line    0x00005009       0x7b ./Core/Startup/startup_stm32mp157daax.o
 .debug_line    0x00005084      0xd4b ./Drivers/STM32MP1xx_HAL_Driver/stm32mp1xx_hal.o
 .debug_line    0x00005dcf      0xd13 ./Drivers/STM32MP1xx_HAL_Driver/stm32mp1xx_hal_cortex.o
 .debug_line    0x00006ae2     0x135a ./Drivers/STM32MP1xx_HAL_Driver/stm32mp1xx_hal_dma.o
 .debug_line    0x00007e3c      0xcd2 ./Drivers/STM32MP1xx_HAL_Driver/stm32mp1xx_hal_gpio.o
 .debug_line    0x00008b0e      0xbc4 ./Drivers/STM32MP1xx_HAL_Driver/stm32mp1xx_hal_ipcc.o
 .debug_line    0x000096d2     0x1ccb ./Drivers/STM32MP1xx_HAL_Driver/stm32mp1xx_hal_rcc.o
 .debug_line    0x0000b39d     0x1a29 ./Drivers/STM32MP1xx_HAL_Driver/stm32mp1xx_hal_rcc_ex.o
 .debug_line    0x0000cdc6     0x2def ./Drivers/STM32MP1xx_HAL_Driver/stm32mp1xx_hal_tim.o
 .debug_line    0x0000fbb5     0x1520 ./Drivers/STM32MP1xx_HAL_Driver/stm32mp1xx_hal_tim_ex.o
 .debug_line    0x000110d5      0x95a ./Middlewares/Third_Party/FreeRTOS/port.o
 .debug_line    0x00011a2f     0x1f98 ./Middlewares/Third_Party/FreeRTOS/tasks.o
 .debug_line    0x000139c7      0xa81 ./OPENAMP/rsc_table.o

.debug_str      0x00000000   0x1dc96c
 .debug_str     0x00000000   0x1dc96c ./Common/System/system_stm32mp1xx.o
                             0x1c90d8 (size before relaxing)
 .debug_str     0x001dc96c   0x1c9867 ./Core/Src/dma.o
 .debug_str     0x001dc96c   0x1c9136 ./Core/Src/gpio.o
 .debug_str     0x001dc96c   0x1c9a4b ./Core/Src/ipcc.o
 .debug_str     0x001dc96c   0x1c885c ./Core/Src/main.o
 .debug_str     0x001dc96c   0x1c986b ./Core/Src/stm32mp1xx_hal_msp.o
 .debug_str     0x001dc96c   0x1cdb76 ./Core/Src/stm32mp1xx_it.o
 .debug_str     0x001dc96c   0x1c98cd ./Core/Src/tim.o
 .debug_str     0x001dc96c   0x1c9a51 ./Core/Src/ws2812b.o
 .debug_str     0x001dc96c       0x75 ./Core/Startup/startup_stm32mp157daax.o
 .debug_str     0x001dc96c   0x1c9514 ./Drivers/STM32MP1xx_HAL_Driver/stm32mp1xx_hal.o
 .debug_str     0x001dc96c   0x1c9140 ./Drivers/STM32MP1xx_HAL_Driver/stm32mp1xx_hal_cortex.o
 .debug_str     0x001dc96c   0x1c8cea ./Drivers/STM32MP1xx_HAL_Driver/stm32mp1xx_hal_dma.o
 .debug_str     0x001dc96c   0x1c88f8 ./Drivers/STM32MP1xx_HAL_Driver/stm32mp1xx_hal_gpio.o
 .debug_str     0x001dc96c   0x1c880f ./Drivers/STM32MP1xx_HAL_Driver/stm32mp1xx_hal_ipcc.o
 .debug_str     0x001dc96c   0x1c99b9 ./Drivers/STM32MP1xx_HAL_Driver/stm32mp1xx_hal_rcc.o
 .debug_str     0x001dc96c   0x1c9848 ./Drivers/STM32MP1xx_HAL_Driver/stm32mp1xx_hal_rcc_ex.o
 .debug_str     0x001dc96c   0x1c9907 ./Drivers/STM32MP1xx_HAL_Driver/stm32mp1xx_hal_tim.o
 .debug_str     0x001dc96c   0x1c92ac ./Drivers/STM32MP1xx_HAL_Driver/stm32mp1xx_hal_tim_ex.o
 .debug_str     0x001dc96c     0x9c4f ./Middlewares/Third_Party/FreeRTOS/port.o
 .debug_str     0x001dc96c     0xe695 ./Middlewares/Third_Party/FreeRTOS/tasks.o
 .debug_str     0x001dc96c     0xb587 ./OPENAMP/rsc_table.o

.comment        0x00000000       0x43
 .comment       0x00000000       0x43 ./Common/System/system_stm32mp1xx.o
                                 0x44 (size before relaxing)
 .comment       0x00000043       0x44 ./Core/Src/dma.o
 .comment       0x00000043       0x44 ./Core/Src/gpio.o
 .comment       0x00000043       0x44 ./Core/Src/ipcc.o
 .comment       0x00000043       0x44 ./Core/Src/main.o
 .comment       0x00000043       0x44 ./Core/Src/stm32mp1xx_hal_msp.o
 .comment       0x00000043       0x44 ./Core/Src/stm32mp1xx_it.o
 .comment       0x00000043       0x44 ./Core/Src/tim.o
 .comment       0x00000043       0x44 ./Core/Src/ws2812b.o
 .comment       0x00000043       0x44 ./Drivers/STM32MP1xx_HAL_Driver/stm32mp1xx_hal.o
 .comment       0x00000043       0x44 ./Drivers/STM32MP1xx_HAL_Driver/stm32mp1xx_hal_cortex.o
 .comment       0x00000043       0x44 ./Drivers/STM32MP1xx_HAL_Driver/stm32mp1xx_hal_dma.o
 .comment       0x00000043       0x44 ./Drivers/STM32MP1xx_HAL_Driver/stm32mp1xx_hal_gpio.o
 .comment       0x00000043       0x44 ./Drivers/STM32MP1xx_HAL_Driver/stm32mp1xx_hal_ipcc.o
 .comment       0x00000043       0x44 ./Drivers/STM32MP1xx_HAL_Driver/stm32mp1xx_hal_rcc.o
 .comment       0x00000043       0x44 ./Drivers/STM32MP1xx_HAL_Driver/stm32mp1xx_hal_rcc_ex.o
 .comment       0x00000043       0x44 ./Drivers/STM32MP1xx_HAL_Driver/stm32mp1xx_hal_tim.o
 .comment       0x00000043       0x44 ./Drivers/STM32MP1xx_HAL_Driver/stm32mp1xx_hal_tim_ex.o
 .comment       0x00000043       0x44 ./Middlewares/Third_Party/FreeRTOS/port.o
 .comment       0x00000043       0x44 ./Middlewares/Third_Party/FreeRTOS/tasks.o
 .comment       0x00000043       0x44 ./OPENAMP/rsc_table.o

.debug_frame    0x00000000     0x3e04
 .debug_frame   0x00000000       0x50 ./Common/System/system_stm32mp1xx.o
 .debug_frame   0x00000050       0x2c ./Core/Src/dma.o
 .debug_frame   0x0000007c       0x34 ./Core/Src/gpio.o
 .debug_frame   0x000000b0       0x74 ./Core/Src/ipcc.o
 .debug_frame   0x00000124       0x94 ./Core/Src/main.o
 .debug_frame   0x000001b8       0x2c ./Core/Src/stm32mp1xx_hal_msp.o
 .debug_frame   0x000001e4      0x134 ./Core/Src/stm32mp1xx_it.o
 .debug_frame   0x00000318       0xa0 ./Core/Src/tim.o
 .debug_frame   0x000003b8      0x1f4 ./Core/Src/ws2812b.o
 .debug_frame   0x000005ac      0x558 ./Drivers/STM32MP1xx_HAL_Driver/stm32mp1xx_hal.o
 .debug_frame   0x00000b04      0x3f0 ./Drivers/STM32MP1xx_HAL_Driver/stm32mp1xx_hal_cortex.o
 .debug_frame   0x00000ef4      0x280 ./Drivers/STM32MP1xx_HAL_Driver/stm32mp1xx_hal_dma.o
 .debug_frame   0x00001174      0x154 ./Drivers/STM32MP1xx_HAL_Driver/stm32mp1xx_hal_gpio.o
 .debug_frame   0x000012c8      0x274 ./Drivers/STM32MP1xx_HAL_Driver/stm32mp1xx_hal_ipcc.o
 .debug_frame   0x0000153c      0x584 ./Drivers/STM32MP1xx_HAL_Driver/stm32mp1xx_hal_rcc.o
 .debug_frame   0x00001ac0      0x140 ./Drivers/STM32MP1xx_HAL_Driver/stm32mp1xx_hal_rcc_ex.o
 .debug_frame   0x00001c00     0x10c0 ./Drivers/STM32MP1xx_HAL_Driver/stm32mp1xx_hal_tim.o
 .debug_frame   0x00002cc0      0x664 ./Drivers/STM32MP1xx_HAL_Driver/stm32mp1xx_hal_tim_ex.o
 .debug_frame   0x00003324      0x18c ./Middlewares/Third_Party/FreeRTOS/port.o
 .debug_frame   0x000034b0      0x8d4 ./Middlewares/Third_Party/FreeRTOS/tasks.o
 .debug_frame   0x00003d84       0x34 ./OPENAMP/rsc_table.o
 .debug_frame   0x00003db8       0x20 D:/Stu15/stmcubeIDE/STM32CubeIDE_2.1.1/STM32CubeIDE/plugins/com.st.stm32cube.ide.mcu.externaltools.gnu-tools-for-stm32.14.3.rel1.win32_1.0.100.202602081740/tools/bin/../lib/gcc/arm-none-eabi/14.3.1/../../../../arm-none-eabi/lib/thumb/v7e-m+fp/hard\libc_nano.a(libc_a-memset.o)
 .debug_frame   0x00003dd8       0x2c D:/Stu15/stmcubeIDE/STM32CubeIDE_2.1.1/STM32CubeIDE/plugins/com.st.stm32cube.ide.mcu.externaltools.gnu-tools-for-stm32.14.3.rel1.win32_1.0.100.202602081740/tools/bin/../lib/gcc/arm-none-eabi/14.3.1/../../../../arm-none-eabi/lib/thumb/v7e-m+fp/hard\libc_nano.a(libc_a-init.o)

.debug_line_str
                0x00000000       0x59
 .debug_line_str
                0x00000000       0x59 ./Core/Startup/startup_stm32mp157daax.o
