../Core/Src/ws2812b.c:38:6:ws2812b_init	24	static
../Core/Src/ws2812b.c:50:6:ws2812b_set_all	24	static
../Core/Src/ws2812b.c:60:6:ws2812b_set_one	16	static
../Core/Src/ws2812b.c:73:6:ws2812b_send	16	static
../Core/Src/ws2812b.c:104:6:ws2812b_clear	8	static
../Core/Src/ws2812b.c:109:6:HAL_TIM_PWM_PulseFinishedCallback	16	static
../Core/Src/ws2812b.c:122:13:WS2812B_BuildDmaBuffer	16	static
../Core/Src/ws2812b.c:153:13:WS2812B_PutByteToDmaBuffer	24	static
../Core/Src/ws2812b.c:172:13:WS2812B_ReportHalError	8	static
