../../Drivers/STM32MP1xx_HAL_Driver/Inc/stm32mp1xx_ll_adc.h:2311:22:LL_ADC_SetCommonClock	16	static
../../Drivers/STM32MP1xx_HAL_Driver/Inc/stm32mp1xx_ll_adc.h:2384:22:LL_ADC_SetCommonPathInternalCh	16	static
../../Drivers/STM32MP1xx_HAL_Driver/Inc/stm32mp1xx_ll_adc.h:2507:26:LL_ADC_GetCommonPathInternalCh	16	static
../../Drivers/STM32MP1xx_HAL_Driver/Inc/stm32mp1xx_ll_adc.h:2870:22:LL_ADC_SetOffset	32	static
../../Drivers/STM32MP1xx_HAL_Driver/Inc/stm32mp1xx_ll_adc.h:2991:22:LL_ADC_SetDataRightShift	24	static
../../Drivers/STM32MP1xx_HAL_Driver/Inc/stm32mp1xx_ll_adc.h:3033:22:LL_ADC_SetOffsetSignedSaturation	32	static
../../Drivers/STM32MP1xx_HAL_Driver/Inc/stm32mp1xx_ll_adc.h:3181:26:LL_ADC_REG_IsTriggerSourceSWStart	16	static
../../Drivers/STM32MP1xx_HAL_Driver/Inc/stm32mp1xx_ll_adc.h:3476:22:LL_ADC_REG_SetSequencerRanks	32	static
../../Drivers/STM32MP1xx_HAL_Driver/Inc/stm32mp1xx_ll_adc.h:3644:22:LL_ADC_REG_SetDataTransferMode	16	static
../../Drivers/STM32MP1xx_HAL_Driver/Inc/stm32mp1xx_ll_adc.h:3829:26:LL_ADC_INJ_IsTriggerSourceSWStart	16	static
../../Drivers/STM32MP1xx_HAL_Driver/Inc/stm32mp1xx_ll_adc.h:4521:22:LL_ADC_SetChannelSamplingTime	32	static
../../Drivers/STM32MP1xx_HAL_Driver/Inc/stm32mp1xx_ll_adc.h:4660:22:LL_ADC_SetChannelSingleDiff	24	static
../../Drivers/STM32MP1xx_HAL_Driver/Inc/stm32mp1xx_ll_adc.h:4852:22:LL_ADC_SetAnalogWDMonitChannels	32	static
../../Drivers/STM32MP1xx_HAL_Driver/Inc/stm32mp1xx_ll_adc.h:5419:26:LL_ADC_GetMultimode	16	static
../../Drivers/STM32MP1xx_HAL_Driver/Inc/stm32mp1xx_ll_adc.h:5510:26:LL_ADC_GetMultiDMATransfer	16	static
../../Drivers/STM32MP1xx_HAL_Driver/Inc/stm32mp1xx_ll_adc.h:5631:22:LL_ADC_DisableDeepPowerDown	16	static
../../Drivers/STM32MP1xx_HAL_Driver/Inc/stm32mp1xx_ll_adc.h:5645:26:LL_ADC_IsDeepPowerDownEnabled	16	static
../../Drivers/STM32MP1xx_HAL_Driver/Inc/stm32mp1xx_ll_adc.h:5664:22:LL_ADC_EnableInternalRegulator	16	static
../../Drivers/STM32MP1xx_HAL_Driver/Inc/stm32mp1xx_ll_adc.h:5694:26:LL_ADC_IsInternalRegulatorEnabled	16	static
../../Drivers/STM32MP1xx_HAL_Driver/Inc/stm32mp1xx_ll_adc.h:5715:22:LL_ADC_Enable	16	static
../../Drivers/STM32MP1xx_HAL_Driver/Inc/stm32mp1xx_ll_adc.h:5735:22:LL_ADC_Disable	16	static
../../Drivers/STM32MP1xx_HAL_Driver/Inc/stm32mp1xx_ll_adc.h:5754:26:LL_ADC_IsEnabled	16	static
../../Drivers/STM32MP1xx_HAL_Driver/Inc/stm32mp1xx_ll_adc.h:5765:26:LL_ADC_IsDisableOngoing	16	static
../../Drivers/STM32MP1xx_HAL_Driver/Inc/stm32mp1xx_ll_adc.h:5850:22:LL_ADC_REG_StartConversion	16	static
../../Drivers/STM32MP1xx_HAL_Driver/Inc/stm32mp1xx_ll_adc.h:5870:22:LL_ADC_REG_StopConversion	16	static
../../Drivers/STM32MP1xx_HAL_Driver/Inc/stm32mp1xx_ll_adc.h:5886:26:LL_ADC_REG_IsConversionOngoing	16	static
../../Drivers/STM32MP1xx_HAL_Driver/Inc/stm32mp1xx_ll_adc.h:6067:22:LL_ADC_INJ_StopConversion	16	static
../../Drivers/STM32MP1xx_HAL_Driver/Inc/stm32mp1xx_ll_adc.h:6083:26:LL_ADC_INJ_IsConversionOngoing	16	static
../../Drivers/STM32MP1xx_HAL_Driver/Inc/stm32mp1xx_ll_adc.h:6489:22:LL_ADC_ClearFlag_AWD1	16	static
../../Drivers/STM32MP1xx_HAL_Driver/Inc/stm32mp1xx_ll_adc.h:6500:22:LL_ADC_ClearFlag_AWD2	16	static
../../Drivers/STM32MP1xx_HAL_Driver/Inc/stm32mp1xx_ll_adc.h:6511:22:LL_ADC_ClearFlag_AWD3	16	static
../../Drivers/STM32MP1xx_HAL_Driver/Inc/stm32mp1xx_ll_adc.h:6884:22:LL_ADC_EnableIT_AWD1	16	static
../../Drivers/STM32MP1xx_HAL_Driver/Inc/stm32mp1xx_ll_adc.h:6895:22:LL_ADC_EnableIT_AWD2	16	static
../../Drivers/STM32MP1xx_HAL_Driver/Inc/stm32mp1xx_ll_adc.h:6906:22:LL_ADC_EnableIT_AWD3	16	static
../../Drivers/STM32MP1xx_HAL_Driver/Inc/stm32mp1xx_ll_adc.h:7005:22:LL_ADC_DisableIT_AWD1	16	static
../../Drivers/STM32MP1xx_HAL_Driver/Inc/stm32mp1xx_ll_adc.h:7016:22:LL_ADC_DisableIT_AWD2	16	static
../../Drivers/STM32MP1xx_HAL_Driver/Inc/stm32mp1xx_ll_adc.h:7027:22:LL_ADC_DisableIT_AWD3	16	static
D:/Stu15/IPC-Communication/RPMsg_UART_ADC/Drivers/STM32MP1xx_HAL_Driver/Src/stm32mp1xx_hal_adc.c:393:19:HAL_ADC_Init	48	static
D:/Stu15/IPC-Communication/RPMsg_UART_ADC/Drivers/STM32MP1xx_HAL_Driver/Src/stm32mp1xx_hal_adc.c:700:19:HAL_ADC_DeInit	32	static
D:/Stu15/IPC-Communication/RPMsg_UART_ADC/Drivers/STM32MP1xx_HAL_Driver/Src/stm32mp1xx_hal_adc.c:905:13:HAL_ADC_MspInit	16	static
D:/Stu15/IPC-Communication/RPMsg_UART_ADC/Drivers/STM32MP1xx_HAL_Driver/Src/stm32mp1xx_hal_adc.c:922:13:HAL_ADC_MspDeInit	16	static
D:/Stu15/IPC-Communication/RPMsg_UART_ADC/Drivers/STM32MP1xx_HAL_Driver/Src/stm32mp1xx_hal_adc.c:1212:19:HAL_ADC_Start	32	static
D:/Stu15/IPC-Communication/RPMsg_UART_ADC/Drivers/STM32MP1xx_HAL_Driver/Src/stm32mp1xx_hal_adc.c:1344:19:HAL_ADC_Stop	24	static
D:/Stu15/IPC-Communication/RPMsg_UART_ADC/Drivers/STM32MP1xx_HAL_Driver/Src/stm32mp1xx_hal_adc.c:1396:19:HAL_ADC_PollForConversion	40	static
D:/Stu15/IPC-Communication/RPMsg_UART_ADC/Drivers/STM32MP1xx_HAL_Driver/Src/stm32mp1xx_hal_adc.c:1577:19:HAL_ADC_PollForEvent	32	static
D:/Stu15/IPC-Communication/RPMsg_UART_ADC/Drivers/STM32MP1xx_HAL_Driver/Src/stm32mp1xx_hal_adc.c:1724:19:HAL_ADC_Start_IT	32	static
D:/Stu15/IPC-Communication/RPMsg_UART_ADC/Drivers/STM32MP1xx_HAL_Driver/Src/stm32mp1xx_hal_adc.c:1928:19:HAL_ADC_Stop_IT	24	static
D:/Stu15/IPC-Communication/RPMsg_UART_ADC/Drivers/STM32MP1xx_HAL_Driver/Src/stm32mp1xx_hal_adc.c:1979:19:HAL_ADC_Start_DMA	32	static
D:/Stu15/IPC-Communication/RPMsg_UART_ADC/Drivers/STM32MP1xx_HAL_Driver/Src/stm32mp1xx_hal_adc.c:2116:19:HAL_ADC_Stop_DMA	24	static
D:/Stu15/IPC-Communication/RPMsg_UART_ADC/Drivers/STM32MP1xx_HAL_Driver/Src/stm32mp1xx_hal_adc.c:2199:10:HAL_ADC_GetValue	16	static
D:/Stu15/IPC-Communication/RPMsg_UART_ADC/Drivers/STM32MP1xx_HAL_Driver/Src/stm32mp1xx_hal_adc.c:2216:6:HAL_ADC_IRQHandler	48	static
D:/Stu15/IPC-Communication/RPMsg_UART_ADC/Drivers/STM32MP1xx_HAL_Driver/Src/stm32mp1xx_hal_adc.c:2588:13:HAL_ADC_ConvCpltCallback	16	static
D:/Stu15/IPC-Communication/RPMsg_UART_ADC/Drivers/STM32MP1xx_HAL_Driver/Src/stm32mp1xx_hal_adc.c:2603:13:HAL_ADC_ConvHalfCpltCallback	16	static
D:/Stu15/IPC-Communication/RPMsg_UART_ADC/Drivers/STM32MP1xx_HAL_Driver/Src/stm32mp1xx_hal_adc.c:2618:13:HAL_ADC_LevelOutOfWindowCallback	16	static
D:/Stu15/IPC-Communication/RPMsg_UART_ADC/Drivers/STM32MP1xx_HAL_Driver/Src/stm32mp1xx_hal_adc.c:2640:13:HAL_ADC_ErrorCallback	16	static
D:/Stu15/IPC-Communication/RPMsg_UART_ADC/Drivers/STM32MP1xx_HAL_Driver/Src/stm32mp1xx_hal_adc.c:2686:19:HAL_ADC_ConfigChannel	144	static,ignoring_inline_asm
D:/Stu15/IPC-Communication/RPMsg_UART_ADC/Drivers/STM32MP1xx_HAL_Driver/Src/stm32mp1xx_hal_adc.c:2934:19:HAL_ADC_AnalogWDGConfig	88	static,ignoring_inline_asm
D:/Stu15/IPC-Communication/RPMsg_UART_ADC/Drivers/STM32MP1xx_HAL_Driver/Src/stm32mp1xx_hal_adc.c:3203:10:HAL_ADC_GetState	16	static
D:/Stu15/IPC-Communication/RPMsg_UART_ADC/Drivers/STM32MP1xx_HAL_Driver/Src/stm32mp1xx_hal_adc.c:3217:10:HAL_ADC_GetError	16	static
D:/Stu15/IPC-Communication/RPMsg_UART_ADC/Drivers/STM32MP1xx_HAL_Driver/Src/stm32mp1xx_hal_adc.c:3247:19:ADC_ConversionStop	40	static
D:/Stu15/IPC-Communication/RPMsg_UART_ADC/Drivers/STM32MP1xx_HAL_Driver/Src/stm32mp1xx_hal_adc.c:3378:19:ADC_Enable	24	static
D:/Stu15/IPC-Communication/RPMsg_UART_ADC/Drivers/STM32MP1xx_HAL_Driver/Src/stm32mp1xx_hal_adc.c:3460:19:ADC_Disable	24	static
D:/Stu15/IPC-Communication/RPMsg_UART_ADC/Drivers/STM32MP1xx_HAL_Driver/Src/stm32mp1xx_hal_adc.c:3522:6:ADC_DMAConvCplt	24	static
D:/Stu15/IPC-Communication/RPMsg_UART_ADC/Drivers/STM32MP1xx_HAL_Driver/Src/stm32mp1xx_hal_adc.c:3600:6:ADC_DMAHalfConvCplt	24	static
D:/Stu15/IPC-Communication/RPMsg_UART_ADC/Drivers/STM32MP1xx_HAL_Driver/Src/stm32mp1xx_hal_adc.c:3618:6:ADC_DMAError	24	static
D:/Stu15/IPC-Communication/RPMsg_UART_ADC/Drivers/STM32MP1xx_HAL_Driver/Src/stm32mp1xx_hal_adc.c:3644:6:ADC_ConfigureBoostMode	24	static
