D:/Stu15/IPC-Communication/RPMsg_UART_ADC/new_project/Drivers/STM32MP1xx_HAL_Driver/Src/stm32mp1xx_hal.c:153:19:HAL_Init	8	static
D:/Stu15/IPC-Communication/RPMsg_UART_ADC/new_project/Drivers/STM32MP1xx_HAL_Driver/Src/stm32mp1xx_hal.c:181:19:HAL_DeInit	8	static
D:/Stu15/IPC-Communication/RPMsg_UART_ADC/new_project/Drivers/STM32MP1xx_HAL_Driver/Src/stm32mp1xx_hal.c:197:13:HAL_MspInit	4	static
D:/Stu15/IPC-Communication/RPMsg_UART_ADC/new_project/Drivers/STM32MP1xx_HAL_Driver/Src/stm32mp1xx_hal.c:208:13:HAL_MspDeInit	4	static
D:/Stu15/IPC-Communication/RPMsg_UART_ADC/new_project/Drivers/STM32MP1xx_HAL_Driver/Src/stm32mp1xx_hal.c:231:26:HAL_InitTick	16	static
D:/Stu15/IPC-Communication/RPMsg_UART_ADC/new_project/Drivers/STM32MP1xx_HAL_Driver/Src/stm32mp1xx_hal.c:348:13:HAL_IncTick	4	static
D:/Stu15/IPC-Communication/RPMsg_UART_ADC/new_project/Drivers/STM32MP1xx_HAL_Driver/Src/stm32mp1xx_hal.c:359:17:HAL_GetTick	4	static
D:/Stu15/IPC-Communication/RPMsg_UART_ADC/new_project/Drivers/STM32MP1xx_HAL_Driver/Src/stm32mp1xx_hal.c:395:10:HAL_GetTickPrio	4	static
D:/Stu15/IPC-Communication/RPMsg_UART_ADC/new_project/Drivers/STM32MP1xx_HAL_Driver/Src/stm32mp1xx_hal.c:404:19:HAL_SetTickFreq	24	static
D:/Stu15/IPC-Communication/RPMsg_UART_ADC/new_project/Drivers/STM32MP1xx_HAL_Driver/Src/stm32mp1xx_hal.c:435:21:HAL_GetTickFreq	4	static
D:/Stu15/IPC-Communication/RPMsg_UART_ADC/new_project/Drivers/STM32MP1xx_HAL_Driver/Src/stm32mp1xx_hal.c:452:13:HAL_Delay	24	static
D:/Stu15/IPC-Communication/RPMsg_UART_ADC/new_project/Drivers/STM32MP1xx_HAL_Driver/Src/stm32mp1xx_hal.c:478:13:HAL_SuspendTick	4	static
D:/Stu15/IPC-Communication/RPMsg_UART_ADC/new_project/Drivers/STM32MP1xx_HAL_Driver/Src/stm32mp1xx_hal.c:497:13:HAL_ResumeTick	4	static
D:/Stu15/IPC-Communication/RPMsg_UART_ADC/new_project/Drivers/STM32MP1xx_HAL_Driver/Src/stm32mp1xx_hal.c:510:10:HAL_GetHalVersion	4	static
D:/Stu15/IPC-Communication/RPMsg_UART_ADC/new_project/Drivers/STM32MP1xx_HAL_Driver/Src/stm32mp1xx_hal.c:519:10:HAL_GetREVID	4	static
D:/Stu15/IPC-Communication/RPMsg_UART_ADC/new_project/Drivers/STM32MP1xx_HAL_Driver/Src/stm32mp1xx_hal.c:528:10:HAL_GetDEVID	4	static
D:/Stu15/IPC-Communication/RPMsg_UART_ADC/new_project/Drivers/STM32MP1xx_HAL_Driver/Src/stm32mp1xx_hal.c:537:10:HAL_GetUIDw0	4	static
D:/Stu15/IPC-Communication/RPMsg_UART_ADC/new_project/Drivers/STM32MP1xx_HAL_Driver/Src/stm32mp1xx_hal.c:546:10:HAL_GetUIDw1	4	static
D:/Stu15/IPC-Communication/RPMsg_UART_ADC/new_project/Drivers/STM32MP1xx_HAL_Driver/Src/stm32mp1xx_hal.c:555:10:HAL_GetUIDw2	4	static
D:/Stu15/IPC-Communication/RPMsg_UART_ADC/new_project/Drivers/STM32MP1xx_HAL_Driver/Src/stm32mp1xx_hal.c:564:6:HAL_EnableDBGWakeUp	4	static
D:/Stu15/IPC-Communication/RPMsg_UART_ADC/new_project/Drivers/STM32MP1xx_HAL_Driver/Src/stm32mp1xx_hal.c:577:6:HAL_DisableDBGWakeUp	4	static
D:/Stu15/IPC-Communication/RPMsg_UART_ADC/new_project/Drivers/STM32MP1xx_HAL_Driver/Src/stm32mp1xx_hal.c:590:6:HAL_EnableDBGSleepMode	4	static
D:/Stu15/IPC-Communication/RPMsg_UART_ADC/new_project/Drivers/STM32MP1xx_HAL_Driver/Src/stm32mp1xx_hal.c:599:6:HAL_DisableDBGSleepMode	4	static
D:/Stu15/IPC-Communication/RPMsg_UART_ADC/new_project/Drivers/STM32MP1xx_HAL_Driver/Src/stm32mp1xx_hal.c:608:6:HAL_EnableDBGStopMode	4	static
D:/Stu15/IPC-Communication/RPMsg_UART_ADC/new_project/Drivers/STM32MP1xx_HAL_Driver/Src/stm32mp1xx_hal.c:617:6:HAL_DisableDBGStopMode	4	static
D:/Stu15/IPC-Communication/RPMsg_UART_ADC/new_project/Drivers/STM32MP1xx_HAL_Driver/Src/stm32mp1xx_hal.c:626:6:HAL_EnableDBGStandbyMode	4	static
D:/Stu15/IPC-Communication/RPMsg_UART_ADC/new_project/Drivers/STM32MP1xx_HAL_Driver/Src/stm32mp1xx_hal.c:635:6:HAL_DisableDBGStandbyMode	4	static
D:/Stu15/IPC-Communication/RPMsg_UART_ADC/new_project/Drivers/STM32MP1xx_HAL_Driver/Src/stm32mp1xx_hal.c:655:6:HAL_SYSCFG_VREFBUF_VoltageScalingConfig	16	static
D:/Stu15/IPC-Communication/RPMsg_UART_ADC/new_project/Drivers/STM32MP1xx_HAL_Driver/Src/stm32mp1xx_hal.c:671:6:HAL_SYSCFG_VREFBUF_HighImpedanceConfig	16	static
D:/Stu15/IPC-Communication/RPMsg_UART_ADC/new_project/Drivers/STM32MP1xx_HAL_Driver/Src/stm32mp1xx_hal.c:683:6:HAL_SYSCFG_VREFBUF_TrimmingConfig	16	static
D:/Stu15/IPC-Communication/RPMsg_UART_ADC/new_project/Drivers/STM32MP1xx_HAL_Driver/Src/stm32mp1xx_hal.c:695:19:HAL_SYSCFG_EnableVREFBUF	16	static
D:/Stu15/IPC-Communication/RPMsg_UART_ADC/new_project/Drivers/STM32MP1xx_HAL_Driver/Src/stm32mp1xx_hal.c:721:6:HAL_SYSCFG_DisableVREFBUF	4	static
D:/Stu15/IPC-Communication/RPMsg_UART_ADC/new_project/Drivers/STM32MP1xx_HAL_Driver/Src/stm32mp1xx_hal.c:736:6:HAL_SYSCFG_ETHInterfaceSelect	16	static
D:/Stu15/IPC-Communication/RPMsg_UART_ADC/new_project/Drivers/STM32MP1xx_HAL_Driver/Src/stm32mp1xx_hal.c:759:6:HAL_SYSCFG_AnalogSwitchConfig	16	static
D:/Stu15/IPC-Communication/RPMsg_UART_ADC/new_project/Drivers/STM32MP1xx_HAL_Driver/Src/stm32mp1xx_hal.c:778:6:HAL_SYSCFG_EnableBOOST	4	static
D:/Stu15/IPC-Communication/RPMsg_UART_ADC/new_project/Drivers/STM32MP1xx_HAL_Driver/Src/stm32mp1xx_hal.c:791:6:HAL_SYSCFG_DisableBOOST	4	static
D:/Stu15/IPC-Communication/RPMsg_UART_ADC/new_project/Drivers/STM32MP1xx_HAL_Driver/Src/stm32mp1xx_hal.c:803:6:HAL_EnableCompensationCell	4	static
D:/Stu15/IPC-Communication/RPMsg_UART_ADC/new_project/Drivers/STM32MP1xx_HAL_Driver/Src/stm32mp1xx_hal.c:818:6:HAL_DisableCompensationCell	4	static
D:/Stu15/IPC-Communication/RPMsg_UART_ADC/new_project/Drivers/STM32MP1xx_HAL_Driver/Src/stm32mp1xx_hal.c:842:6:HAL_SYSCFG_EnableIOSpeedOptimize	16	static
D:/Stu15/IPC-Communication/RPMsg_UART_ADC/new_project/Drivers/STM32MP1xx_HAL_Driver/Src/stm32mp1xx_hal.c:861:6:HAL_SYSCFG_DisableIOSpeedOptimize	16	static
D:/Stu15/IPC-Communication/RPMsg_UART_ADC/new_project/Drivers/STM32MP1xx_HAL_Driver/Src/stm32mp1xx_hal.c:874:6:HAL_SYSCFG_CompensationCodeSelect	16	static
D:/Stu15/IPC-Communication/RPMsg_UART_ADC/new_project/Drivers/STM32MP1xx_HAL_Driver/Src/stm32mp1xx_hal.c:891:6:HAL_SYSCFG_CompensationCodeConfig	16	static
D:/Stu15/IPC-Communication/RPMsg_UART_ADC/new_project/Drivers/STM32MP1xx_HAL_Driver/Src/stm32mp1xx_hal.c:904:6:HAL_SYSCFG_DisableIOCompensation	16	static
D:/Stu15/IPC-Communication/RPMsg_UART_ADC/new_project/Drivers/STM32MP1xx_HAL_Driver/Src/stm32mp1xx_hal.c:936:19:HAL_SYSCFG_EnableIOCompensation	16	static
